Component: ARM Compiler 5.06 update 7 (build 960) Tool: armlink [4d3601]

==============================================================================

Section Cross References

    startup_stm32f407xx.o(RESET) refers to startup_stm32f407xx.o(STACK) for __initial_sp
    startup_stm32f407xx.o(RESET) refers to startup_stm32f407xx.o(.text) for Reset_Handler
    startup_stm32f407xx.o(RESET) refers to stm32f4xx_it.o(i.NMI_Handler) for NMI_Handler
    startup_stm32f407xx.o(RESET) refers to stm32f4xx_it.o(i.HardFault_Handler) for HardFault_Handler
    startup_stm32f407xx.o(RESET) refers to stm32f4xx_it.o(i.MemManage_Handler) for MemManage_Handler
    startup_stm32f407xx.o(RESET) refers to stm32f4xx_it.o(i.BusFault_Handler) for BusFault_Handler
    startup_stm32f407xx.o(RESET) refers to stm32f4xx_it.o(i.UsageFault_Handler) for UsageFault_Handler
    startup_stm32f407xx.o(RESET) refers to port.o(.emb_text) for SVC_Handler
    startup_stm32f407xx.o(RESET) refers to stm32f4xx_it.o(i.DebugMon_Handler) for DebugMon_Handler
    startup_stm32f407xx.o(RESET) refers to port.o(i.SysTick_Handler) for SysTick_Handler
    startup_stm32f407xx.o(RESET) refers to stm32f4xx_it.o(i.CAN1_RX0_IRQHandler) for CAN1_RX0_IRQHandler
    startup_stm32f407xx.o(RESET) refers to stm32f4xx_it.o(i.TIM2_IRQHandler) for TIM2_IRQHandler
    startup_stm32f407xx.o(RESET) refers to stm32f4xx_it.o(i.USART1_IRQHandler) for USART1_IRQHandler
    startup_stm32f407xx.o(.text) refers to system_stm32f4xx.o(i.SystemInit) for SystemInit
    startup_stm32f407xx.o(.text) refers to entry.o(.ARM.Collect$$$$00000000) for __main
    main.o(i.HAL_TIM_PeriodElapsedCallback) refers to stm32f4xx_hal.o(i.HAL_IncTick) for HAL_IncTick
    main.o(i.SystemClock_Config) refers to memseta.o(.text) for __aeabi_memclr4
    main.o(i.SystemClock_Config) refers to stm32f4xx_hal_rcc.o(i.HAL_RCC_OscConfig) for HAL_RCC_OscConfig
    main.o(i.SystemClock_Config) refers to stm32f4xx_hal_rcc.o(i.HAL_RCC_ClockConfig) for HAL_RCC_ClockConfig
    main.o(i.main) refers to stm32f4xx_hal.o(i.HAL_Init) for HAL_Init
    main.o(i.main) refers to main.o(i.SystemClock_Config) for SystemClock_Config
    main.o(i.main) refers to gpio.o(i.MX_GPIO_Init) for MX_GPIO_Init
    main.o(i.main) refers to can.o(i.MX_CAN1_Init) for MX_CAN1_Init
    main.o(i.main) refers to usart.o(i.MX_USART1_UART_Init) for MX_USART1_UART_Init
    main.o(i.main) refers to freertos.o(i.MX_FREERTOS_Init) for MX_FREERTOS_Init
    main.o(i.main) refers to cmsis_os.o(i.osKernelStart) for osKernelStart
    gpio.o(i.MX_GPIO_Init) refers to memseta.o(.text) for __aeabi_memclr4
    gpio.o(i.MX_GPIO_Init) refers to stm32f4xx_hal_gpio.o(i.HAL_GPIO_WritePin) for HAL_GPIO_WritePin
    gpio.o(i.MX_GPIO_Init) refers to stm32f4xx_hal_gpio.o(i.HAL_GPIO_Init) for HAL_GPIO_Init
    freertos.o(i.MX_FREERTOS_Init) refers to memcpya.o(.text) for __aeabi_memcpy4
    freertos.o(i.MX_FREERTOS_Init) refers to cmsis_os.o(i.osThreadCreate) for osThreadCreate
    freertos.o(i.MX_FREERTOS_Init) refers to user_init.o(i.USER_INIT) for USER_INIT
    freertos.o(i.MX_FREERTOS_Init) refers to stm32f4xx_hal_gpio.o(i.HAL_GPIO_WritePin) for HAL_GPIO_WritePin
    freertos.o(i.MX_FREERTOS_Init) refers to freertos.o(.constdata) for .constdata
    freertos.o(i.MX_FREERTOS_Init) refers to freertos.o(.data) for .data
    freertos.o(i.StartDefaultTask) refers to cmsis_os.o(i.osDelay) for osDelay
    freertos.o(i.vApplicationGetIdleTaskMemory) refers to freertos.o(.bss) for .bss
    freertos.o(.constdata) refers to freertos.o(.conststring) for .conststring
    freertos.o(.constdata) refers to freertos.o(i.StartDefaultTask) for StartDefaultTask
    can.o(i.HAL_CAN_MspDeInit) refers to stm32f4xx_hal_gpio.o(i.HAL_GPIO_DeInit) for HAL_GPIO_DeInit
    can.o(i.HAL_CAN_MspDeInit) refers to stm32f4xx_hal_cortex.o(i.HAL_NVIC_DisableIRQ) for HAL_NVIC_DisableIRQ
    can.o(i.HAL_CAN_MspInit) refers to memseta.o(.text) for __aeabi_memclr4
    can.o(i.HAL_CAN_MspInit) refers to stm32f4xx_hal_gpio.o(i.HAL_GPIO_Init) for HAL_GPIO_Init
    can.o(i.HAL_CAN_MspInit) refers to stm32f4xx_hal_cortex.o(i.HAL_NVIC_SetPriority) for HAL_NVIC_SetPriority
    can.o(i.HAL_CAN_MspInit) refers to stm32f4xx_hal_cortex.o(i.HAL_NVIC_EnableIRQ) for HAL_NVIC_EnableIRQ
    can.o(i.MX_CAN1_Init) refers to stm32f4xx_hal_can.o(i.HAL_CAN_Init) for HAL_CAN_Init
    can.o(i.MX_CAN1_Init) refers to main.o(i.Error_Handler) for Error_Handler
    can.o(i.MX_CAN1_Init) refers to can.o(.bss) for .bss
    usart.o(i.HAL_UART_MspDeInit) refers to stm32f4xx_hal_gpio.o(i.HAL_GPIO_DeInit) for HAL_GPIO_DeInit
    usart.o(i.HAL_UART_MspDeInit) refers to stm32f4xx_hal_cortex.o(i.HAL_NVIC_DisableIRQ) for HAL_NVIC_DisableIRQ
    usart.o(i.HAL_UART_MspInit) refers to memseta.o(.text) for __aeabi_memclr4
    usart.o(i.HAL_UART_MspInit) refers to stm32f4xx_hal_gpio.o(i.HAL_GPIO_Init) for HAL_GPIO_Init
    usart.o(i.HAL_UART_MspInit) refers to stm32f4xx_hal_cortex.o(i.HAL_NVIC_SetPriority) for HAL_NVIC_SetPriority
[...]
    .ARM.Collect$$$$0000000B                 0x08000190   Section        8  entry9a.o(.ARM.Collect$$$$0000000B)
    .ARM.Collect$$$$0000000E                 0x08000198   Section        4  entry12b.o(.ARM.Collect$$$$0000000E)
    .ARM.Collect$$$$0000000F                 0x0800019c   Section        0  entry10a.o(.ARM.Collect$$$$0000000F)
    .ARM.Collect$$$$00000011                 0x0800019c   Section        0  entry11a.o(.ARM.Collect$$$$00000011)
    .ARM.Collect$$$$00002712                 0x0800019c   Section        4  entry2.o(.ARM.Collect$$$$00002712)
    __lit__00000000                          0x0800019c   Data           4  entry2.o(.ARM.Collect$$$$00002712)
    .emb_text                                0x080001a0   Section      190  port.o(.emb_text)
    $v0                                      0x080001a0   Number         0  port.o(.emb_text)
    .text                                    0x08000260   Section       36  startup_stm32f407xx.o(.text)
    $v0                                      0x08000260   Number         0  startup_stm32f407xx.o(.text)
    .text                                    0x08000284   Section        0  uldiv.o(.text)
    .text                                    0x080002e6   Section        0  memcpya.o(.text)
    .text                                    0x0800030a   Section        0  memseta.o(.text)
    .text                                    0x0800032e   Section        0  dadd.o(.text)
    .text                                    0x0800047c   Section        0  dmul.o(.text)
    .text                                    0x08000560   Section        0  ddiv.o(.text)
    .text                                    0x0800063e   Section        0  dflti.o(.text)
    .text                                    0x08000660   Section        0  f2d.o(.text)
    .text                                    0x08000686   Section        0  d2f.o(.text)
    .text                                    0x080006be   Section        0  uidiv.o(.text)
    .text                                    0x080006ea   Section        0  llshl.o(.text)
    .text                                    0x08000708   Section        0  llushr.o(.text)
    .text                                    0x08000728   Section        0  llsshr.o(.text)
    .text                                    0x0800074c   Section        0  fepilogue.o(.text)
    .text                                    0x0800074c   Section        0  iusefp.o(.text)
    .text                                    0x080007ba   Section        0  depilogue.o(.text)
    .text                                    0x08000874   Section        0  dfixul.o(.text)
    .text                                    0x080008a4   Section       48  cdrcmple.o(.text)
    .text                                    0x080008d4   Section       36  init.o(.text)
    .text                                    0x080008f8   Section        0  iusesemip.o(.text)
    .text                                    0x080008f8   Section        0  semi.o(.text)
    i.BusFault_Handler                       0x080008f8   Section        0  stm32f4xx_it.o(i.BusFault_Handler)
    i.CAN1_RX0_IRQHandler                    0x080008fc   Section        0  stm32f4xx_it.o(i.CAN1_RX0_IRQHandler)
    i.CAN_INIT                               0x08000908   Section        0  can_serial.o(i.CAN_INIT)
    i.CanSerialTask                          0x08000944   Section        0  can_serial.o(i.CanSerialTask)
    i.CanSerialTaskStart                     0x08000a5c   Section        0  can_serial.o(i.CanSerialTaskStart)
    i.CanTransmitMotor0123                   0x08000a7c   Section        0  can_serial.o(i.CanTransmitMotor0123)
    i.DebugMon_Handler                       0x08000ae0   Section        0  stm32f4xx_it.o(i.DebugMon_Handler)
    i.Error_Handler                          0x08000ae2   Section        0  main.o(i.Error_Handler)
    i.HAL_CAN_ActivateNotification           0x08000ae6   Section        0  stm32f4xx_hal_can.o(i.HAL_CAN_ActivateNotification)
    i.HAL_CAN_AddTxMessage                   0x08000b0a   Section        0  stm32f4xx_hal_can.o(i.HAL_CAN_AddTxMessage)
    i.HAL_CAN_ConfigFilter                   0x08000bdc   Section        0  stm32f4xx_hal_can.o(i.HAL_CAN_ConfigFilter)
    i.HAL_CAN_ErrorCallback                  0x08000ce8   Section        0  stm32f4xx_hal_can.o(i.HAL_CAN_ErrorCallback)
    i.HAL_CAN_GetRxMessage                   0x08000cea   Section        0  stm32f4xx_hal_can.o(i.HAL_CAN_GetRxMessage)
    i.HAL_CAN_GetTxMailboxesFreeLevel        0x08000dde   Section        0  stm32f4xx_hal_can.o(i.HAL_CAN_GetTxMailboxesFreeLevel)
    i.HAL_CAN_IRQHandler                     0x08000e0a   Section        0  stm32f4xx_hal_can.o(i.HAL_CAN_IRQHandler)
    i.HAL_CAN_Init                           0x08001006   Section        0  stm32f4xx_hal_can.o(i.HAL_CAN_Init)
    i.HAL_CAN_MspInit                        0x08001120   Section        0  can.o(i.HAL_CAN_MspInit)
    i.HAL_CAN_RxFifo0FullCallback            0x08001198   Section        0  stm32f4xx_hal_can.o(i.HAL_CAN_RxFifo0FullCallback)
    i.HAL_CAN_RxFifo0MsgPendingCallback      0x0800119c   Section        0  can_serial.o(i.HAL_CAN_RxFifo0MsgPendingCallback)
    i.HAL_CAN_RxFifo1FullCallback            0x08001208   Section        0  stm32f4xx_hal_can.o(i.HAL_CAN_RxFifo1FullCallback)
    i.HAL_CAN_RxFifo1MsgPendingCallback      0x0800120a   Section        0  stm32f4xx_hal_can.o(i.HAL_CAN_RxFifo1MsgPendingCallback)
    i.HAL_CAN_SleepCallback                  0x0800120c   Section        0  stm32f4xx_hal_can.o(i.HAL_CAN_SleepCallback)
    i.HAL_CAN_Start                          0x08001210   Section        0  stm32f4xx_hal_can.o(i.HAL_CAN_Start)
    i.HAL_CAN_TxMailbox0AbortCallback        0x08001268   Section        0  stm32f4xx_hal_can.o(i.HAL_CAN_TxMailbox0AbortCallback)
    i.HAL_CAN_TxMailbox0CompleteCallback     0x0800126a   Section        0  stm32f4xx_hal_can.o(i.HAL_CAN_TxMailbox0CompleteCallback)
    i.HAL_CAN_TxMailbox1AbortCallback        0x0800126c   Section        0  stm32f4xx_hal_can.o(i.HAL_CAN_TxMailbox1AbortCallback)
    i.HAL_CAN_TxMailbox1CompleteCallback     0x0800126e   Section        0  stm32f4xx_hal_can.o(i.HAL_CAN_TxMailbox1CompleteCallback)
    i.HAL_CAN_TxMailbox2AbortCallback        0x08001270   Section        0  stm32f4xx_hal_can.o(i.HAL_CAN_TxMailbox2AbortCallback)
    i.HAL_CAN_TxMailbox2CompleteCallback     0x08001272   Section        0  stm32f4xx_hal_can.o(i.HAL_CAN_TxMailbox2CompleteCallback)
    i.HAL_CAN_WakeUpFromRxMsgCallback        0x08001274   Section        0  stm32f4xx_hal_can.o(i.HAL_CAN_WakeUpFromRxMsgCallback)
    i.HAL_DMA_Abort                          0x08001276   Section        0  stm32f4xx_hal_dma.o(i.HAL_DMA_Abort)
    i.HAL_DMA_Abort_IT                       0x08001308   Section        0  stm32f4xx_hal_dma.o(i.HAL_DMA_Abort_IT)
    i.HAL_GPIO_Init                          0x0800132c   Section        0  stm32f4xx_hal_gpio.o(i.HAL_GPIO_Init)
    i.HAL_GPIO_TogglePin                     0x0800151c   Section        0  stm32f4xx_hal_gpio.o(i.HAL_GPIO_TogglePin)
    i.HAL_GPIO_WritePin                      0x0800152c   Section        0  stm32f4xx_hal_gpio.o(i.HAL_GPIO_WritePin)
    i.HAL_GetTick                            0x08001538   Section        0  stm32f4xx_hal.o(i.HAL_GetTick)
    i.HAL_IncTick                            0x08001544   Section        0  stm32f4xx_hal.o(i.HAL_IncTick)
    i.HAL_Init                               0x08001554   Section        0  stm32f4xx_hal.o(i.HAL_Init)
    i.HAL_InitTick                           0x08001588   Section        0  stm32f4xx_hal_timebase_tim.o(i.HAL_InitTick)
    i.HAL_MspInit                            0x08001620   Section        0  stm32f4xx_hal_msp.o(i.HAL_MspInit)
    i.HAL_NVIC_EnableIRQ                     0x08001658   Section        0  stm32f4xx_hal_cortex.o(i.HAL_NVIC_EnableIRQ)
    i.HAL_NVIC_SetPriority                   0x08001674   Section        0  stm32f4xx_hal_cortex.o(i.HAL_NVIC_SetPriority)
    i.HAL_NVIC_SetPriorityGrouping           0x080016b4   Section        0  stm32f4xx_hal_cortex.o(i.HAL_NVIC_SetPriorityGrouping)
    i.HAL_RCC_ClockConfig                    0x080016d8   Section        0  stm32f4xx_hal_rcc.o(i.HAL_RCC_ClockConfig)
    i.HAL_RCC_GetClockConfig                 0x0800180c   Section        0  stm32f4xx_hal_rcc.o(i.HAL_RCC_GetClockConfig)
    i.HAL_RCC_GetPCLK1Freq                   0x0800184c   Section        0  stm32f4xx_hal_rcc.o(i.HAL_RCC_GetPCLK1Freq)
    i.HAL_RCC_GetPCLK2Freq                   0x0800186c   Section        0  stm32f4xx_hal_rcc.o(i.HAL_RCC_GetPCLK2Freq)
    i.HAL_RCC_GetSysClockFreq                0x0800188c   Section        0  stm32f4xx_hal_rcc.o(i.HAL_RCC_GetSysClockFreq)
    i.HAL_RCC_OscConfig                      0x080018f0   Section        0  stm32f4xx_hal_rcc.o(i.HAL_RCC_OscConfig)
    i.HAL_TIMEx_BreakCallback                0x08001c5c   Section        0  stm32f4xx_hal_tim_ex.o(i.HAL_TIMEx_BreakCallback)
    i.HAL_TIMEx_CommutCallback               0x08001c5e   Section        0  stm32f4xx_hal_tim_ex.o(i.HAL_TIMEx_CommutCallback)
    i.HAL_TIM_Base_Init                      0x08001c60   Section        0  stm32f4xx_hal_tim.o(i.HAL_TIM_Base_Init)
    i.HAL_TIM_Base_MspInit                   0x08001cba   Section        0  stm32f4xx_hal_tim.o(i.HAL_TIM_Base_MspInit)
    i.HAL_TIM_Base_Start_IT                  0x08001cbc   Section        0  stm32f4xx_hal_tim.o(i.HAL_TIM_Base_Start_IT)
    i.HAL_TIM_IC_CaptureCallback             0x08001d3c   Section        0  stm32f4xx_hal_tim.o(i.HAL_TIM_IC_CaptureCallback)
    i.HAL_TIM_IRQHandler                     0x08001d3e   Section        0  stm32f4xx_hal_tim.o(i.HAL_TIM_IRQHandler)
    i.HAL_TIM_OC_DelayElapsedCallback        0x08001e6e   Section        0  stm32f4xx_hal_tim.o(i.HAL_TIM_OC_DelayElapsedCallback)
    i.HAL_TIM_PWM_PulseFinishedCallback      0x08001e70   Section        0  stm32f4xx_hal_tim.o(i.HAL_TIM_PWM_PulseFinishedCallback)
    i.HAL_TIM_PeriodElapsedCallback          0x08001e72   Section        0  main.o(i.HAL_TIM_PeriodElapsedCallback)
    i.HAL_TIM_TriggerCallback                0x08001e80   Section        0  stm32f4xx_hal_tim.o(i.HAL_TIM_TriggerCallback)
    i.HAL_UARTEx_RxEventCallback             0x08001e82   Section        0  stm32f4xx_hal_uart.o(i.HAL_UARTEx_RxEventCallback)
    i.HAL_UART_ErrorCallback                 0x08001e84   Section        0  stm32f4xx_hal_uart.o(i.HAL_UART_ErrorCallback)
    i.HAL_UART_IRQHandler                    0x08001e88   Section        0  stm32f4xx_hal_uart.o(i.HAL_UART_IRQHandler)
    i.HAL_UART_Init                          0x08002108   Section        0  stm32f4xx_hal_uart.o(i.HAL_UART_Init)
    i.HAL_UART_MspInit                       0x0800216c   Section        0  usart.o(i.HAL_UART_MspInit)
    i.HAL_UART_Receive_IT                    0x0800220c   Section        0  stm32f4xx_hal_uart.o(i.HAL_UART_Receive_IT)
    i.HAL_UART_RxCpltCallback                0x08002228   Section        0  uart_serial.o(i.HAL_UART_RxCpltCallback)
    i.HAL_UART_Transmit                      0x080022a4   Section        0  stm32f4xx_hal_uart.o(i.HAL_UART_Transmit)
    i.HAL_UART_TxCpltCallback                0x08002344   Section        0  stm32f4xx_hal_uart.o(i.HAL_UART_TxCpltCallback)
    i.HardFault_Handler                      0x08002346   Section        0  stm32f4xx_it.o(i.HardFault_Handler)
    i.MOTOR_INIT                             0x08002348   Section        0  user_defination.o(i.MOTOR_INIT)
    i.MX_CAN1_Init                           0x080023fc   Section        0  can.o(i.MX_CAN1_Init)
    i.MX_FREERTOS_Init                       0x0800243c   Section        0  freertos.o(i.MX_FREERTOS_Init)
    i.MX_GPIO_Init                           0x08002474   Section        0  gpio.o(i.MX_GPIO_Init)
    i.MX_USART1_UART_Init                    0x08002508   Section        0  usart.o(i.MX_USART1_UART_Init)
    i.MemManage_Handler                      0x08002540   Section        0  stm32f4xx_it.o(i.MemManage_Handler)
    i.MotorCtrl                              0x08002544   Section        0  user_defination.o(i.MotorCtrl)
    i.NMI_Handler                            0x080025f0   Section        0  stm32f4xx_it.o(i.NMI_Handler)
    i.PID_Cal                                0x080025f2   Section        0  user_defination.o(i.PID_Cal)
    i.SerialTask                             0x08002668   Section        0  uart_serial.o(i.SerialTask)
    i.SerialTaskStart                        0x08002690   Section        0  uart_serial.o(i.SerialTaskStart)
    i.StartDefaultTask                       0x080026b0   Section        0  freertos.o(i.StartDefaultTask)
    i.SysTick_Handler                        0x080026b8   Section        0  port.o(i.SysTick_Handler)
    i.SystemClock_Config                     0x080026e4   Section        0  main.o(i.SystemClock_Config)
    i.SystemInit                             0x08002778   Section        0  system_stm32f4xx.o(i.SystemInit)
    i.TIM2_IRQHandler                        0x08002788   Section        0  stm32f4xx_it.o(i.TIM2_IRQHandler)
    i.TIM_Base_SetConfig                     0x08002794   Section        0  stm32f4xx_hal_tim.o(i.TIM_Base_SetConfig)
    i.UART_DMAAbortOnError                   0x08002864   Section        0  stm32f4xx_hal_uart.o(i.UART_DMAAbortOnError)
    UART_DMAAbortOnError                     0x08002865   Thumb Code    14  stm32f4xx_hal_uart.o(i.UART_DMAAbortOnError)
    i.UART_EndRxTransfer                     0x08002872   Section        0  stm32f4xx_hal_uart.o(i.UART_EndRxTransfer)
    UART_EndRxTransfer                       0x08002873   Thumb Code    78  stm32f4xx_hal_uart.o(i.UART_EndRxTransfer)
    i.UART_INIT                              0x080028c0   Section        0  uart_serial.o(i.UART_INIT)
    i.UART_Receive_IT                        0x080028ec   Section        0  stm32f4xx_hal_uart.o(i.UART_Receive_IT)
    UART_Receive_IT                          0x080028ed   Thumb Code   194  stm32f4xx_hal_uart.o(i.UART_Receive_IT)
    i.UART_SetConfig                         0x080029b0   Section        0  stm32f4xx_hal_uart.o(i.UART_SetConfig)
    UART_SetConfig                           0x080029b1   Thumb Code   258  stm32f4xx_hal_uart.o(i.UART_SetConfig)
    i.UART_Start_Receive_IT                  0x08002abc   Section        0  stm32f4xx_hal_uart.o(i.UART_Start_Receive_IT)
    i.UART_WaitOnFlagUntilTimeout            0x08002af2   Section        0  stm32f4xx_hal_uart.o(i.UART_WaitOnFlagUntilTimeout)
    UART_WaitOnFlagUntilTimeout              0x08002af3   Thumb Code   114  stm32f4xx_hal_uart.o(i.UART_WaitOnFlagUntilTimeout)
    i.USART1_IRQHandler                      0x08002b64   Section        0  stm32f4xx_it.o(i.USART1_IRQHandler)
    i.USER_INIT                              0x08002b70   Section        0  user_init.o(i.USER_INIT)
    i.UartTransmit                           0x08002b88   Section        0  uart_serial.o(i.UartTransmit)
    i.UpdataMotor                            0x08002bc8   Section        0  can_serial.o(i.UpdataMotor)
    i.UsageFault_Handler                     0x08002cd4   Section        0  stm32f4xx_it.o(i.UsageFault_Handler)
    i.__0printf                              0x08002cd8   Section        0  printfa.o(i.__0printf)
    i.__NVIC_SetPriority                     0x08002cf8   Section        0  stm32f4xx_hal_cortex.o(i.__NVIC_SetPriority)
    __NVIC_SetPriority                       0x08002cf9   Thumb Code    32  stm32f4xx_hal_cortex.o(i.__NVIC_SetPriority)
    i.__scatterload_copy                     0x08002d18   Section       14  handlers.o(i.__scatterload_copy)
    i.__scatterload_null                     0x08002d26   Section        2  handlers.o(i.__scatterload_null)
    i.__scatterload_zeroinit                 0x08002d28   Section       14  handlers.o(i.__scatterload_zeroinit)
    i._fp_digits                             0x08002d38   Section        0  printfa.o(i._fp_digits)
    _fp_digits                               0x08002d39   Thumb Code   366  printfa.o(i._fp_digits)
    i._printf_core                           0x08002ebc   Section        0  printfa.o(i._printf_core)
    _printf_core                             0x08002ebd   Thumb Code  1704  printfa.o(i._printf_core)
    i._printf_post_padding                   0x08003570   Section        0  printfa.o(i._printf_post_padding)
    _printf_post_padding                     0x08003571   Thumb Code    36  printfa.o(i._printf_post_padding)
    i._printf_pre_padding                    0x08003594   Section        0  printfa.o(i._printf_pre_padding)
    _printf_pre_padding                      0x08003595   Thumb Code    46  printfa.o(i._printf_pre_padding)
    i.fputc                                  0x080035c2   Section        0  fputc.o(i.fputc)
    i.lightTask                              0x080035d4   Section        0  user_init.o(i.lightTask)
    i.lightTaskStart                         0x080035f4   Section        0  user_init.o(i.lightTaskStart)
    i.main                                   0x08003614   Section        0  main.o(i.main)
    i.makeFreeRtosPriority                   0x08003632   Section        0  cmsis_os.o(i.makeFreeRtosPriority)
    makeFreeRtosPriority                     0x08003633   Thumb Code    12  cmsis_os.o(i.makeFreeRtosPriority)
    i.osDelay                                0x0800363e   Section        0  cmsis_os.o(i.osDelay)
    i.osKernelStart                          0x0800364c   Section        0  cmsis_os.o(i.osKernelStart)
    i.osThreadCreate                         0x08003656   Section        0  cmsis_os.o(i.osThreadCreate)
    i.prvAddCurrentTaskToDelayedList         0x080036ac   Section        0  tasks.o(i.prvAddCurrentTaskToDelayedList)
    prvAddCurrentTaskToDelayedList           0x080036ad   Thumb Code   102  tasks.o(i.prvAddCurrentTaskToDelayedList)
    i.prvAddNewTaskToReadyList               0x0800371c   Section        0  tasks.o(i.prvAddNewTaskToReadyList)
    prvAddNewTaskToReadyList                 0x0800371d   Thumb Code   194  tasks.o(i.prvAddNewTaskToReadyList)
    i.prvDeleteTCB                           0x080037ec   Section        0  tasks.o(i.prvDeleteTCB)
    prvDeleteTCB                             0x080037ed   Thumb Code    52  tasks.o(i.prvDeleteTCB)
    i.prvHeapInit                            0x08003820   Section        0  heap_4.o(i.prvHeapInit)
    prvHeapInit                              0x08003821   Thumb Code    66  heap_4.o(i.prvHeapInit)
    i.prvIdleTask                            0x0800386c   Section        0  tasks.o(i.prvIdleTask)
    prvIdleTask                              0x0800386d   Thumb Code    82  tasks.o(i.prvIdleTask)
    i.prvInitialiseNewTask                   0x080038cc   Section        0  tasks.o(i.prvInitialiseNewTask)
    prvInitialiseNewTask                     0x080038cd   Thumb Code   152  tasks.o(i.prvInitialiseNewTask)
    i.prvInsertBlockIntoFreeList             0x08003964   Section        0  heap_4.o(i.prvInsertBlockIntoFreeList)
    prvInsertBlockIntoFreeList               0x08003965   Thumb Code    72  heap_4.o(i.prvInsertBlockIntoFreeList)
    i.prvResetNextTaskUnblockTime            0x080039b0   Section        0  tasks.o(i.prvResetNextTaskUnblockTime)
    prvResetNextTaskUnblockTime              0x080039b1   Thumb Code    26  tasks.o(i.prvResetNextTaskUnblockTime)
    i.prvTaskExitError                       0x080039d0   Section        0  port.o(i.prvTaskExitError)
    prvTaskExitError                         0x080039d1   Thumb Code    36  port.o(i.prvTaskExitError)
    i.pvPortMalloc                           0x080039f8   Section        0  heap_4.o(i.pvPortMalloc)
    i.pxPortInitialiseStack                  0x08003ad4   Section        0  port.o(i.pxPortInitialiseStack)
    i.uxListRemove                           0x08003b00   Section        0  list.o(i.uxListRemove)
    i.vApplicationGetIdleTaskMemory          0x08003b28   Section        0  freertos.o(i.vApplicationGetIdleTaskMemory)
    i.vListInitialise                        0x08003b3c   Section        0  list.o(i.vListInitialise)
    i.vListInitialiseItem                    0x08003b52   Section        0  list.o(i.vListInitialiseItem)
    i.vListInsert                            0x08003b58   Section        0  list.o(i.vListInsert)
    i.vListInsertEnd                         0x08003b88   Section        0  list.o(i.vListInsertEnd)
    i.vPortEnterCritical                     0x08003ba0   Section        0  port.o(i.vPortEnterCritical)
    i.vPortExitCritical                      0x08003be0   Section        0  port.o(i.vPortExitCritical)
    i.vPortFree                              0x08003c08   Section        0  heap_4.o(i.vPortFree)
    i.vPortSetupTimerInterrupt               0x08003c6c   Section        0  port.o(i.vPortSetupTimerInterrupt)
    i.vTaskDelay                             0x08003c90   Section        0  tasks.o(i.vTaskDelay)
    i.vTaskStartScheduler                    0x08003cdc   Section        0  tasks.o(i.vTaskStartScheduler)
    i.vTaskSuspendAll                        0x08003d48   Section        0  tasks.o(i.vTaskSuspendAll)
    i.vTaskSwitchContext                     0x08003d58   Section        0  tasks.o(i.vTaskSwitchContext)
    i.xPortStartScheduler                    0x08003db4   Section        0  port.o(i.xPortStartScheduler)
    i.xTaskCreate                            0x08003ea8   Section        0  tasks.o(i.xTaskCreate)
    i.xTaskCreateStatic                      0x08003f02   Section        0  tasks.o(i.xTaskCreateStatic)
    i.xTaskIncrementTick                     0x08003f58   Section        0  tasks.o(i.xTaskIncrementTick)
    i.xTaskResumeAll                         0x08004024   Section        0  tasks.o(i.xTaskResumeAll)
    .constdata                               0x080040e8   Section       28  freertos.o(.constdata)
    .constdata                               0x08004104   Section       16  system_stm32f4xx.o(.constdata)
    .constdata                               0x08004114   Section        8  system_stm32f4xx.o(.constdata)
    .constdata                               0x0800411c   Section       28  can_serial.o(.constdata)
    .constdata                               0x08004138   Section       28  uart_serial.o(.constdata)
    .constdata                               0x08004154   Section       28  user_init.o(.constdata)
    .conststring                             0x08004170   Section       12  freertos.o(.conststring)
    .conststring                             0x0800417c   Section       10  can_serial.o(.conststring)
    .conststring                             0x08004188   Section        7  uart_serial.o(.conststring)
    .conststring                             0x08004190   Section        6  user_init.o(.conststring)
    .data                                    0x20000000   Section        4  freertos.o(.data)
    .data                                    0x20000004   Section       12  stm32f4xx_hal.o(.data)
    .data                                    0x20000010   Section        4  system_stm32f4xx.o(.data)
    .data                                    0x20000014   Section       60  tasks.o(.data)
    uxDeletedTasksWaitingCleanUp             0x20000018   Data           4  tasks.o(.data)
    uxCurrentNumberOfTasks                   0x2000001c   Data           4  tasks.o(.data)
    xTickCount                               0x20000020   Data           4  tasks.o(.data)
    uxTopReadyPriority                       0x20000024   Data           4  tasks.o(.data)
    xSchedulerRunning                        0x20000028   Data           4  tasks.o(.data)
    xPendedTicks                             0x2000002c   Data           4  tasks.o(.data)
    xYieldPending                            0x20000030   Data           4  tasks.o(.data)
    xNumOfOverflows                          0x20000034   Data           4  tasks.o(.data)
    uxTaskNumber                             0x20000038   Data           4  tasks.o(.data)
    xNextTaskUnblockTime                     0x2000003c   Data           4  tasks.o(.data)
    xIdleTaskHandle                          0x20000040   Data           4  tasks.o(.data)
    uxSchedulerSuspended                     0x20000044   Data           4  tasks.o(.data)
    pxDelayedTaskList                        0x20000048   Data           4  tasks.o(.data)
    pxOverflowDelayedTaskList                0x2000004c   Data           4  tasks.o(.data)
    .data                                    0x20000050   Section       32  heap_4.o(.data)
    pxEnd                                    0x20000050   Data           4  heap_4.o(.data)
    xFreeBytesRemaining                      0x20000054   Data           4  heap_4.o(.data)
    xMinimumEverFreeBytesRemaining           0x20000058   Data           4  heap_4.o(.data)
    xNumberOfSuccessfulAllocations           0x2000005c   Data           4  heap_4.o(.data)
    xNumberOfSuccessfulFrees                 0x20000060   Data           4  heap_4.o(.data)
    xBlockAllocatedBit                       0x20000064   Data           4  heap_4.o(.data)
    xStart                                   0x20000068   Data           8  heap_4.o(.data)
    .data                                    0x20000070   Section       12  port.o(.data)
    ucMaxSysCallPriority                     0x20000070   Data           1  port.o(.data)
    uxCriticalNesting                        0x20000074   Data           4  port.o(.data)
    ulMaxPRIGROUPValue                       0x20000078   Data           4  port.o(.data)
    .data                                    0x2000007c   Section       16  can_serial.o(.data)
    angle_last                               0x2000007c   Data          16  can_serial.o(.data)
    .data                                    0x2000008c   Section        2  uart_serial.o(.data)
    .data                                    0x20000090   Section       12  user_defination.o(.data)
    .data                                    0x2000009c   Section       12  user_defination.o(.data)
    .data                                    0x200000a8   Section       12  user_defination.o(.data)
    .data                                    0x200000b4   Section        4  stdout.o(.data)
    .bss                                     0x200000b8   Section      596  freertos.o(.bss)
    xIdleTaskTCBBuffer                       0x200000b8   Data          84  freertos.o(.bss)
    xIdleStack                               0x2000010c   Data         512  freertos.o(.bss)
    .bss                                     0x2000030c   Section       40  can.o(.bss)
    .bss                                     0x20000334   Section       72  usart.o(.bss)
    .bss                                     0x2000037c   Section       72  stm32f4xx_hal_timebase_tim.o(.bss)
    .bss                                     0x200003c4   Section      240  tasks.o(.bss)
    pxReadyTasksLists                        0x200003c4   Data         140  tasks.o(.bss)
    xDelayedTaskList1                        0x20000450   Data          20  tasks.o(.bss)
    xDelayedTaskList2                        0x20000464   Data          20  tasks.o(.bss)
    xPendingReadyList                        0x20000478   Data          20  tasks.o(.bss)
    xTasksWaitingTermination                 0x2000048c   Data          20  tasks.o(.bss)
    xSuspendedTaskList                       0x200004a0   Data          20  tasks.o(.bss)
    .bss                                     0x200004b4   Section    15360  heap_4.o(.bss)
    ucHeap                                   0x200004b4   Data       15360  heap_4.o(.bss)
    .bss                                     0x200040b4   Section       30  uart_serial.o(.bss)
    .bss                                     0x200040d4   Section      480  user_defination.o(.bss)
    STACK                                    0x200042b8   Section     1024  startup_stm32f407xx.o(STACK)

    Global Symbols

    Symbol Name                              Value     Ov Type        Size  Object(Section)

    BuildAttributes$$THM_ISAv4$E$P$D$K$B$S$7EM$VFPi3$EXTD16$VFPS$VFMA$PE$A:L22UL41UL21$X:L11$S22US41US21$IEEE1$IW$USESV6$~STKCKD$USESV7$~SHL$OTIME$ROPI$EBA8$MICROLIB$REQ8$PRES8$EABIv2 0x00000000   Number         0  anon$$obj.o ABSOLUTE
    __ARM_use_no_argv                        0x00000000   Number         0  main.o ABSOLUTE
    _printf_a                                0x00000000   Number         0  stubs.o ABSOLUTE
    _printf_c                                0x00000000   Number         0  stubs.o ABSOLUTE
    _printf_charcount                        0x00000000   Number         0  stubs.o ABSOLUTE
    _printf_d                                0x00000000   Number         0  stubs.o ABSOLUTE
    _printf_e                                0x00000000   Number         0  stubs.o ABSOLUTE
    _printf_f                                0x00000000   Number         0  stubs.o ABSOLUTE
    _printf_flags                            0x00000000   Number         0  stubs.o ABSOLUTE
    _printf_fp_dec                           0x00000000   Number         0  stubs.o ABSOLUTE
    _printf_fp_hex                           0x00000000   Number         0  stubs.o ABSOLUTE
    _printf_g                                0x00000000   Number         0  stubs.o ABSOLUTE
    _printf_i                                0x00000000   Number         0  stubs.o ABSOLUTE
    _printf_int_dec                          0x00000000   Number         0  stubs.o ABSOLUTE
    _printf_l                                0x00000000   Number         0  stubs.o ABSOLUTE
    _printf_lc                               0x00000000   Number         0  stubs.o ABSOLUTE
    _printf_ll                               0x00000000   Number         0  stubs.o ABSOLUTE
    _printf_lld                              0x00000000   Number         0  stubs.o ABSOLUTE
    _printf_lli                              0x00000000   Number         0  stubs.o ABSOLUTE
    _printf_llo                              0x00000000   Number         0  stubs.o ABSOLUTE
    _printf_llu                              0x00000000   Number         0  stubs.o ABSOLUTE
    _printf_llx                              0x00000000   Number         0  stubs.o ABSOLUTE
    _printf_longlong_dec                     0x00000000   Number         0  stubs.o ABSOLUTE
    _printf_longlong_hex                     0x00000000   Number         0  stubs.o ABSOLUTE
    _printf_longlong_oct                     0x00000000   Number         0  stubs.o ABSOLUTE
    _printf_ls                               0x00000000   Number         0  stubs.o ABSOLUTE
    _printf_mbtowc                           0x00000000   Number         0  stubs.o ABSOLUTE
    _printf_n                                0x00000000   Number         0  stubs.o ABSOLUTE
    _printf_o                                0x00000000   Number         0  stubs.o ABSOLUTE
    _printf_p                                0x00000000   Number         0  stubs.o ABSOLUTE
    _printf_percent                          0x00000000   Number         0  stubs.o ABSOLUTE
    _printf_pre_padding                      0x00000000   Number         0  stubs.o ABSOLUTE
    _printf_return_value                     0x00000000   Number         0  stubs.o ABSOLUTE
    _printf_s                                0x00000000   Number         0  stubs.o ABSOLUTE
    _printf_sizespec                         0x00000000   Number         0  stubs.o ABSOLUTE
    _printf_str                              0x00000000   Number         0  stubs.o ABSOLUTE
    _printf_truncate_signed                  0x00000000   Number         0  stubs.o ABSOLUTE
    _printf_truncate_unsigned                0x00000000   Number         0  stubs.o ABSOLUTE
    _printf_u                                0x00000000   Number         0  stubs.o ABSOLUTE
    _printf_wc                               0x00000000   Number         0  stubs.o ABSOLUTE
    _printf_wctomb                           0x00000000   Number         0  stubs.o ABSOLUTE
    _printf_widthprec                        0x00000000   Number         0  stubs.o ABSOLUTE
    _printf_x                                0x00000000   Number         0  stubs.o ABSOLUTE
    __arm_fini_                               - Undefined Weak Reference
    __cpp_initialize__aeabi_                  - Undefined Weak Reference
    __cxa_finalize                            - Undefined Weak Reference
    __decompress                              - Undefined Weak Reference
    _clock_init                               - Undefined Weak Reference
    _microlib_exit                            - Undefined Weak Reference
    __Vectors_Size                           0x00000188   Number         0  startup_stm32f407xx.o ABSOLUTE
    __Vectors                                0x08000000   Data           4  startup_stm32f407xx.o(RESET)
    __Vectors_End                            0x08000188   Data           0  startup_stm32f407xx.o(RESET)
    __main                                   0x08000189   Thumb Code     0  entry.o(.ARM.Collect$$$$00000000)
    _main_stk                                0x08000189   Thumb Code     0  entry2.o(.ARM.Collect$$$$00000001)
    _main_scatterload                        0x0800018d   Thumb Code     0  entry5.o(.ARM.Collect$$$$00000004)
    __main_after_scatterload                 0x08000191   Thumb Code     0  entry5.o(.ARM.Collect$$$$00000004)
    _main_clock                              0x08000191   Thumb Code     0  entry7b.o(.ARM.Collect$$$$00000008)
    _main_cpp_init                           0x08000191   Thumb Code     0  entry8b.o(.ARM.Collect$$$$0000000A)
    _main_init                               0x08000191   Thumb Code     0  entry9a.o(.ARM.Collect$$$$0000000B)
    __rt_lib_shutdown_fini                   0x08000199   Thumb Code     0  entry12b.o(.ARM.Collect$$$$0000000E)
    __rt_final_cpp                           0x0800019d   Thumb Code     0  entry10a.o(.ARM.Collect$$$$0000000F)
    __rt_final_exit                          0x0800019d   Thumb Code     0  entry11a.o(.ARM.Collect$$$$00000011)
    SVC_Handler                              0x080001a1   Thumb Code    28  port.o(.emb_text)
    __asm___6_port_c_39a90d8d__prvStartFirstTask 0x080001c1   Thumb Code    36  port.o(.emb_text)
    __asm___6_port_c_39a90d8d__prvEnableVFP  0x080001e9   Thumb Code    16  port.o(.emb_text)
    PendSV_Handler                           0x080001fd   Thumb Code    88  port.o(.emb_text)
    vPortGetIPSR                             0x08000259   Thumb Code     6  port.o(.emb_text)
    Reset_Handler                            0x08000261   Thumb Code     8  startup_stm32f407xx.o(.text)
    ADC_IRQHandler                           0x0800027b   Thumb Code     0  startup_stm32f407xx.o(.text)
    CAN1_RX1_IRQHandler                      0x0800027b   Thumb Code     0  startup_stm32f407xx.o(.text)
    CAN1_SCE_IRQHandler                      0x0800027b   Thumb Code     0  startup_stm32f407xx.o(.text)
    CAN1_TX_IRQHandler                       0x0800027b   Thumb Code     0  startup_stm32f407xx.o(.text)
    CAN2_RX0_IRQHandler                      0x0800027b   Thumb Code     0  startup_stm32f407xx.o(.text)
    CAN2_RX1_IRQHandler                      0x0800027b   Thumb Code     0  startup_stm32f407xx.o(.text)
    CAN2_SCE_IRQHandler                      0x0800027b   Thumb Code     0  startup_stm32f407xx.o(.text)
    CAN2_TX_IRQHandler                       0x0800027b   Thumb Code     0  startup_stm32f407xx.o(.text)
    DCMI_IRQHandler                          0x0800027b   Thumb Code     0  startup_stm32f407xx.o(.text)
    DMA1_Stream0_IRQHandler                  0x0800027b   Thumb Code     0  startup_stm32f407xx.o(.text)
    DMA1_Stream1_IRQHandler                  0x0800027b   Thumb Code     0  startup_stm32f407xx.o(.text)
    DMA1_Stream2_IRQHandler                  0x0800027b   Thumb Code     0  startup_stm32f407xx.o(.text)
    DMA1_Stream3_IRQHandler                  0x0800027b   Thumb Code     0  startup_stm32f407xx.o(.text)
    DMA1_Stream4_IRQHandler                  0x0800027b   Thumb Code     0  startup_stm32f407xx.o(.text)
    DMA1_Stream5_IRQHandler                  0x0800027b   Thumb Code     0  startup_stm32f407xx.o(.text)
    DMA1_Stream6_IRQHandler                  0x0800027b   Thumb Code     0  startup_stm32f407xx.o(.text)
    DMA1_Stream7_IRQHandler                  0x0800027b   Thumb Code     0  startup_stm32f407xx.o(.text)
    DMA2_Stream0_IRQHandler                  0x0800027b   Thumb Code     0  startup_stm32f407xx.o(.text)
    DMA2_Stream1_IRQHandler                  0x0800027b   Thumb Code     0  startup_stm32f407xx.o(.text)
    DMA2_Stream2_IRQHandler                  0x0800027b   Thumb Code     0  startup_stm32f407xx.o(.text)
    DMA2_Stream3_IRQHandler                  0x0800027b   Thumb Code     0  startup_stm32f407xx.o(.text)
    DMA2_Stream4_IRQHandler                  0x0800027b   Thumb Code     0  startup_stm32f407xx.o(.text)
    DMA2_Stream5_IRQHandler                  0x0800027b   Thumb Code     0  startup_stm32f407xx.o(.text)
    DMA2_Stream6_IRQHandler                  0x0800027b   Thumb Code     0  startup_stm32f407xx.o(.text)
    DMA2_Stream7_IRQHandler                  0x0800027b   Thumb Code     0  startup_stm32f407xx.o(.text)
    ETH_IRQHandler                           0x0800027b   Thumb Code     0  startup_stm32f407xx.o(.text)
    ETH_WKUP_IRQHandler                      0x0800027b   Thumb Code     0  startup_stm32f407xx.o(.text)
    EXTI0_IRQHandler                         0x0800027b   Thumb Code     0  startup_stm32f407xx.o(.text)
    EXTI15_10_IRQHandler                     0x0800027b   Thumb Code     0  startup_stm32f407xx.o(.text)
    EXTI1_IRQHandler                         0x0800027b   Thumb Code     0  startup_stm32f407xx.o(.text)
    EXTI2_IRQHandler                         0x0800027b   Thumb Code     0  startup_stm32f407xx.o(.text)
    EXTI3_IRQHandler                         0x0800027b   Thumb Code     0  startup_stm32f407xx.o(.text)
    EXTI4_IRQHandler                         0x0800027b   Thumb Code     0  startup_stm32f407xx.o(.text)
    EXTI9_5_IRQHandler                       0x0800027b   Thumb Code     0  startup_stm32f407xx.o(.text)
    FLASH_IRQHandler                         0x0800027b   Thumb Code     0  startup_stm32f407xx.o(.text)
    FMC_IRQHandler                           0x0800027b   Thumb Code     0  startup_stm32f407xx.o(.text)
    FPU_IRQHandler                           0x0800027b   Thumb Code     0  startup_stm32f407xx.o(.text)
    HASH_RNG_IRQHandler                      0x0800027b   Thumb Code     0  startup_stm32f407xx.o(.text)
    I2C1_ER_IRQHandler                       0x0800027b   Thumb Code     0  startup_stm32f407xx.o(.text)
    I2C1_EV_IRQHandler                       0x0800027b   Thumb Code     0  startup_stm32f407xx.o(.text)
    I2C2_ER_IRQHandler                       0x0800027b   Thumb Code     0  startup_stm32f407xx.o(.text)
    I2C2_EV_IRQHandler                       0x0800027b   Thumb Code     0  startup_stm32f407xx.o(.text)
    I2C3_ER_IRQHandler                       0x0800027b   Thumb Code     0  startup_stm32f407xx.o(.text)
    I2C3_EV_IRQHandler                       0x0800027b   Thumb Code     0  startup_stm32f407xx.o(.text)
    OTG_FS_IRQHandler                        0x0800027b   Thumb Code     0  startup_stm32f407xx.o(.text)
    OTG_FS_WKUP_IRQHandler                   0x0800027b   Thumb Code     0  startup_stm32f407xx.o(.text)
    OTG_HS_EP1_IN_IRQHandler                 0x0800027b   Thumb Code     0  startup_stm32f407xx.o(.text)
    OTG_HS_EP1_OUT_IRQHandler                0x0800027b   Thumb Code     0  startup_stm32f407xx.o(.text)
    OTG_HS_IRQHandler                        0x0800027b   Thumb Code     0  startup_stm32f407xx.o(.text)
    OTG_HS_WKUP_IRQHandler                   0x0800027b   Thumb Code     0  startup_stm32f407xx.o(.text)
    PVD_IRQHandler                           0x0800027b   Thumb Code     0  startup_stm32f407xx.o(.text)
    RCC_IRQHandler                           0x0800027b   Thumb Code     0  startup_stm32f407xx.o(.text)
    RTC_Alarm_IRQHandler                     0x0800027b   Thumb Code     0  startup_stm32f407xx.o(.text)
    RTC_WKUP_IRQHandler                      0x0800027b   Thumb Code     0  startup_stm32f407xx.o(.text)
    SDIO_IRQHandler                          0x0800027b   Thumb Code     0  startup_stm32f407xx.o(.text)
    SPI1_IRQHandler                          0x0800027b   Thumb Code     0  startup_stm32f407xx.o(.text)
    SPI2_IRQHandler                          0x0800027b   Thumb Code     0  startup_stm32f407xx.o(.text)
    SPI3_IRQHandler                          0x0800027b   Thumb Code     0  startup_stm32f407xx.o(.text)
    TAMP_STAMP_IRQHandler                    0x0800027b   Thumb Code     0  startup_stm32f407xx.o(.text)
    TIM1_BRK_TIM9_IRQHandler                 0x0800027b   Thumb Code     0  startup_stm32f407xx.o(.text)
    TIM1_CC_IRQHandler                       0x0800027b   Thumb Code     0  startup_stm32f407xx.o(.text)
    TIM1_TRG_COM_TIM11_IRQHandler            0x0800027b   Thumb Code     0  startup_stm32f407xx.o(.text)
    TIM1_UP_TIM10_IRQHandler                 0x0800027b   Thumb Code     0  startup_stm32f407xx.o(.text)
    TIM3_IRQHandler                          0x0800027b   Thumb Code     0  startup_stm32f407xx.o(.text)
    TIM4_IRQHandler                          0x0800027b   Thumb Code     0  startup_stm32f407xx.o(.text)
    TIM5_IRQHandler                          0x0800027b   Thumb Code     0  startup_stm32f407xx.o(.text)
    TIM6_DAC_IRQHandler                      0x0800027b   Thumb Code     0  startup_stm32f407xx.o(.text)
    TIM7_IRQHandler                          0x0800027b   Thumb Code     0  startup_stm32f407xx.o(.text)
    TIM8_BRK_TIM12_IRQHandler                0x0800027b   Thumb Code     0  startup_stm32f407xx.o(.text)
    TIM8_CC_IRQHandler                       0x0800027b   Thumb Code     0  startup_stm32f407xx.o(.text)
    TIM8_TRG_COM_TIM14_IRQHandler            0x0800027b   Thumb Code     0  startup_stm32f407xx.o(.text)
    TIM8_UP_TIM13_IRQHandler                 0x0800027b   Thumb Code     0  startup_stm32f407xx.o(.text)
    UART4_IRQHandler                         0x0800027b   Thumb Code     0  startup_stm32f407xx.o(.text)
    UART5_IRQHandler                         0x0800027b   Thumb Code     0  startup_stm32f407xx.o(.text)
    USART2_IRQHandler                        0x0800027b   Thumb Code     0  startup_stm32f407xx.o(.text)
    USART3_IRQHandler                        0x0800027b   Thumb Code     0  startup_stm32f407xx.o(.text)
    USART6_IRQHandler                        0x0800027b   Thumb Code     0  startup_stm32f407xx.o(.text)
    WWDG_IRQHandler                          0x0800027b   Thumb Code     0  startup_stm32f407xx.o(.text)
    __aeabi_uldivmod                         0x08000285   Thumb Code    98  uldiv.o(.text)
    __aeabi_memcpy                           0x080002e7   Thumb Code    36  memcpya.o(.text)
    __aeabi_memcpy4                          0x080002e7   Thumb Code     0  memcpya.o(.text)
    __aeabi_memcpy8                          0x080002e7   Thumb Code     0  memcpya.o(.text)
    __aeabi_memset                           0x0800030b   Thumb Code    14  memseta.o(.text)
    __aeabi_memset4                          0x0800030b   Thumb Code     0  memseta.o(.text)
    __aeabi_memset8                          0x0800030b   Thumb Code     0  memseta.o(.text)
    __aeabi_memclr                           0x08000319   Thumb Code     4  memseta.o(.text)
    __aeabi_memclr4                          0x08000319   Thumb Code     0  memseta.o(.text)
    __aeabi_memclr8                          0x08000319   Thumb Code     0  memseta.o(.text)
    memset                                   0x0800031d   Thumb Code    18  memseta.o(.text)
    __aeabi_dadd                             0x0800032f   Thumb Code   322  dadd.o(.text)
    __aeabi_dsub                             0x08000471   Thumb Code     6  dadd.o(.text)
    __aeabi_drsub                            0x08000477   Thumb Code     6  dadd.o(.text)
    __aeabi_dmul                             0x0800047d   Thumb Code   228  dmul.o(.text)
    __aeabi_ddiv                             0x08000561   Thumb Code   222  ddiv.o(.text)
    __aeabi_i2d                              0x0800063f   Thumb Code    34  dflti.o(.text)
    __aeabi_f2d                              0x08000661   Thumb Code    38  f2d.o(.text)
    __aeabi_d2f                              0x08000687   Thumb Code    56  d2f.o(.text)
    __aeabi_uidiv                            0x080006bf   Thumb Code     0  uidiv.o(.text)
    __aeabi_uidivmod                         0x080006bf   Thumb Code    44  uidiv.o(.text)
    __aeabi_llsl                             0x080006eb   Thumb Code    30  llshl.o(.text)
    _ll_shift_l                              0x080006eb   Thumb Code     0  llshl.o(.text)
    __aeabi_llsr                             0x08000709   Thumb Code    32  llushr.o(.text)
    _ll_ushift_r                             0x08000709   Thumb Code     0  llushr.o(.text)
    __aeabi_lasr                             0x08000729   Thumb Code    36  llsshr.o(.text)
    _ll_sshift_r                             0x08000729   Thumb Code     0  llsshr.o(.text)
    __I$use$fp                               0x0800074d   Thumb Code     0  iusefp.o(.text)
    _float_round                             0x0800074d   Thumb Code    18  fepilogue.o(.text)
    _float_epilogue                          0x0800075f   Thumb Code    92  fepilogue.o(.text)
    _double_round                            0x080007bb   Thumb Code    30  depilogue.o(.text)
    _double_epilogue                         0x080007d9   Thumb Code   156  depilogue.o(.text)
    __aeabi_d2ulz                            0x08000875   Thumb Code    48  dfixul.o(.text)
    __aeabi_cdrcmple                         0x080008a5   Thumb Code    48  cdrcmple.o(.text)
    __scatterload                            0x080008d5   Thumb Code    28  init.o(.text)
    __scatterload_rt2                        0x080008d5   Thumb Code     0  init.o(.text)
    BusFault_Handler                         0x080008f9   Thumb Code     2  stm32f4xx_it.o(i.BusFault_Handler)
    __I$use$semihosting$fputc                0x080008f9   Thumb Code     0  iusesemip.o(.text)
    __semihosting_library_function           0x080008f9   Thumb Code     0  semi.o(.text)
    CAN1_RX0_IRQHandler                      0x080008fd   Thumb Code     6  stm32f4xx_it.o(i.CAN1_RX0_IRQHandler)
    CAN_INIT                                 0x08000909   Thumb Code    56  can_serial.o(i.CAN_INIT)
    CanSerialTask                            0x08000945   Thumb Code   232  can_serial.o(i.CanSerialTask)
    CanSerialTaskStart                       0x08000a5d   Thumb Code    26  can_serial.o(i.CanSerialTaskStart)
    CanTransmitMotor0123                     0x08000a7d   Thumb Code    96  can_serial.o(i.CanTransmitMotor0123)
    DebugMon_Handler                         0x08000ae1   Thumb Code     2  stm32f4xx_it.o(i.DebugMon_Handler)
    Error_Handler                            0x08000ae3   Thumb Code     4  main.o(i.Error_Handler)
    HAL_CAN_ActivateNotification             0x08000ae7   Thumb Code    36  stm32f4xx_hal_can.o(i.HAL_CAN_ActivateNotification)
    HAL_CAN_AddTxMessage                     0x08000b0b   Thumb Code   208  stm32f4xx_hal_can.o(i.HAL_CAN_AddTxMessage)
    HAL_CAN_ConfigFilter                     0x08000bdd   Thumb Code   262  stm32f4xx_hal_can.o(i.HAL_CAN_ConfigFilter)
    HAL_CAN_ErrorCallback                    0x08000ce9   Thumb Code     2  stm32f4xx_hal_can.o(i.HAL_CAN_ErrorCallback)
    HAL_CAN_GetRxMessage                     0x08000ceb   Thumb Code   244  stm32f4xx_hal_can.o(i.HAL_CAN_GetRxMessage)
    HAL_CAN_GetTxMailboxesFreeLevel          0x08000ddf   Thumb Code    44  stm32f4xx_hal_can.o(i.HAL_CAN_GetTxMailboxesFreeLevel)
    HAL_CAN_IRQHandler                       0x08000e0b   Thumb Code   508  stm32f4xx_hal_can.o(i.HAL_CAN_IRQHandler)
    HAL_CAN_Init                             0x08001007   Thumb Code   282  stm32f4xx_hal_can.o(i.HAL_CAN_Init)
    HAL_CAN_MspInit                          0x08001121   Thumb Code   106  can.o(i.HAL_CAN_MspInit)
    HAL_CAN_RxFifo0FullCallback              0x08001199   Thumb Code     2  stm32f4xx_hal_can.o(i.HAL_CAN_RxFifo0FullCallback)
    HAL_CAN_RxFifo0MsgPendingCallback        0x0800119d   Thumb Code    98  can_serial.o(i.HAL_CAN_RxFifo0MsgPendingCallback)
    HAL_CAN_RxFifo1FullCallback              0x08001209   Thumb Code     2  stm32f4xx_hal_can.o(i.HAL_CAN_RxFifo1FullCallback)
    HAL_CAN_RxFifo1MsgPendingCallback        0x0800120b   Thumb Code     2  stm32f4xx_hal_can.o(i.HAL_CAN_RxFifo1MsgPendingCallback)
    HAL_CAN_SleepCallback                    0x0800120d   Thumb Code     2  stm32f4xx_hal_can.o(i.HAL_CAN_SleepCallback)
    HAL_CAN_Start                            0x08001211   Thumb Code    88  stm32f4xx_hal_can.o(i.HAL_CAN_Start)
    HAL_CAN_TxMailbox0AbortCallback          0x08001269   Thumb Code     2  stm32f4xx_hal_can.o(i.HAL_CAN_TxMailbox0AbortCallback)
    HAL_CAN_TxMailbox0CompleteCallback       0x0800126b   Thumb Code     2  stm32f4xx_hal_can.o(i.HAL_CAN_TxMailbox0CompleteCallback)
    HAL_CAN_TxMailbox1AbortCallback          0x0800126d   Thumb Code     2  stm32f4xx_hal_can.o(i.HAL_CAN_TxMailbox1AbortCallback)
    HAL_CAN_TxMailbox1CompleteCallback       0x0800126f   Thumb Code     2  stm32f4xx_hal_can.o(i.HAL_CAN_TxMailbox1CompleteCallback)
    HAL_CAN_TxMailbox2AbortCallback          0x08001271   Thumb Code     2  stm32f4xx_hal_can.o(i.HAL_CAN_TxMailbox2AbortCallback)
    HAL_CAN_TxMailbox2CompleteCallback       0x08001273   Thumb Code     2  stm32f4xx_hal_can.o(i.HAL_CAN_TxMailbox2CompleteCallback)
    HAL_CAN_WakeUpFromRxMsgCallback          0x08001275   Thumb Code     2  stm32f4xx_hal_can.o(i.HAL_CAN_WakeUpFromRxMsgCallback)
    HAL_DMA_Abort                            0x08001277   Thumb Code   146  stm32f4xx_hal_dma.o(i.HAL_DMA_Abort)
    HAL_DMA_Abort_IT                         0x08001309   Thumb Code    36  stm32f4xx_hal_dma.o(i.HAL_DMA_Abort_IT)
    HAL_GPIO_Init                            0x0800132d   Thumb Code   450  stm32f4xx_hal_gpio.o(i.HAL_GPIO_Init)
    HAL_GPIO_TogglePin                       0x0800151d   Thumb Code    16  stm32f4xx_hal_gpio.o(i.HAL_GPIO_TogglePin)
    HAL_GPIO_WritePin                        0x0800152d   Thumb Code    10  stm32f4xx_hal_gpio.o(i.HAL_GPIO_WritePin)
    HAL_GetTick                              0x08001539   Thumb Code     6  stm32f4xx_hal.o(i.HAL_GetTick)
    HAL_IncTick                              0x08001545   Thumb Code    12  stm32f4xx_hal.o(i.HAL_IncTick)
    HAL_Init                                 0x08001555   Thumb Code    48  stm32f4xx_hal.o(i.HAL_Init)
    HAL_InitTick                             0x08001589   Thumb Code   134  stm32f4xx_hal_timebase_tim.o(i.HAL_InitTick)
    HAL_MspInit                              0x08001621   Thumb Code    52  stm32f4xx_hal_msp.o(i.HAL_MspInit)
    HAL_NVIC_EnableIRQ                       0x08001659   Thumb Code    26  stm32f4xx_hal_cortex.o(i.HAL_NVIC_EnableIRQ)
    HAL_NVIC_SetPriority                     0x08001675   Thumb Code    60  stm32f4xx_hal_cortex.o(i.HAL_NVIC_SetPriority)
    HAL_NVIC_SetPriorityGrouping             0x080016b5   Thumb Code    26  stm32f4xx_hal_cortex.o(i.HAL_NVIC_SetPriorityGrouping)
    HAL_RCC_ClockConfig                      0x080016d9   Thumb Code   288  stm32f4xx_hal_rcc.o(i.HAL_RCC_ClockConfig)
    HAL_RCC_GetClockConfig                   0x0800180d   Thumb Code    54  stm32f4xx_hal_rcc.o(i.HAL_RCC_GetClockConfig)
    HAL_RCC_GetPCLK1Freq                     0x0800184d   Thumb Code    20  stm32f4xx_hal_rcc.o(i.HAL_RCC_GetPCLK1Freq)
    HAL_RCC_GetPCLK2Freq                     0x0800186d   Thumb Code    20  stm32f4xx_hal_rcc.o(i.HAL_RCC_GetPCLK2Freq)
    HAL_RCC_GetSysClockFreq                  0x0800188d   Thumb Code    88  stm32f4xx_hal_rcc.o(i.HAL_RCC_GetSysClockFreq)
    HAL_RCC_OscConfig                        0x080018f1   Thumb Code   856  stm32f4xx_hal_rcc.o(i.HAL_RCC_OscConfig)
    HAL_TIMEx_BreakCallback                  0x08001c5d   Thumb Code     2  stm32f4xx_hal_tim_ex.o(i.HAL_TIMEx_BreakCallback)
    HAL_TIMEx_CommutCallback                 0x08001c5f   Thumb Code     2  stm32f4xx_hal_tim_ex.o(i.HAL_TIMEx_CommutCallback)
    HAL_TIM_Base_Init                        0x08001c61   Thumb Code    90  stm32f4xx_hal_tim.o(i.HAL_TIM_Base_Init)
    HAL_TIM_Base_MspInit                     0x08001cbb   Thumb Code     2  stm32f4xx_hal_tim.o(i.HAL_TIM_Base_MspInit)
    HAL_TIM_Base_Start_IT                    0x08001cbd   Thumb Code   100  stm32f4xx_hal_tim.o(i.HAL_TIM_Base_Start_IT)
    HAL_TIM_IC_CaptureCallback               0x08001d3d   Thumb Code     2  stm32f4xx_hal_tim.o(i.HAL_TIM_IC_CaptureCallback)
    HAL_TIM_IRQHandler                       0x08001d3f   Thumb Code   304  stm32f4xx_hal_tim.o(i.HAL_TIM_IRQHandler)
    HAL_TIM_OC_DelayElapsedCallback          0x08001e6f   Thumb Code     2  stm32f4xx_hal_tim.o(i.HAL_TIM_OC_DelayElapsedCallback)
    HAL_TIM_PWM_PulseFinishedCallback        0x08001e71   Thumb Code     2  stm32f4xx_hal_tim.o(i.HAL_TIM_PWM_PulseFinishedCallback)
    HAL_TIM_PeriodElapsedCallback            0x08001e73   Thumb Code    14  main.o(i.HAL_TIM_PeriodElapsedCallback)
    HAL_TIM_TriggerCallback                  0x08001e81   Thumb Code     2  stm32f4xx_hal_tim.o(i.HAL_TIM_TriggerCallback)
    HAL_UARTEx_RxEventCallback               0x08001e83   Thumb Code     2  stm32f4xx_hal_uart.o(i.HAL_UARTEx_RxEventCallback)
    HAL_UART_ErrorCallback                   0x08001e85   Thumb Code     2  stm32f4xx_hal_uart.o(i.HAL_UART_ErrorCallback)
    HAL_UART_IRQHandler                      0x08001e89   Thumb Code   636  stm32f4xx_hal_uart.o(i.HAL_UART_IRQHandler)
    HAL_UART_Init                            0x08002109   Thumb Code   100  stm32f4xx_hal_uart.o(i.HAL_UART_Init)
    HAL_UART_MspInit                         0x0800216d   Thumb Code   144  usart.o(i.HAL_UART_MspInit)
    HAL_UART_Receive_IT                      0x0800220d   Thumb Code    28  stm32f4xx_hal_uart.o(i.HAL_UART_Receive_IT)
    HAL_UART_RxCpltCallback                  0x08002229   Thumb Code   106  uart_serial.o(i.HAL_UART_RxCpltCallback)
    HAL_UART_Transmit                        0x080022a5   Thumb Code   160  stm32f4xx_hal_uart.o(i.HAL_UART_Transmit)
    HAL_UART_TxCpltCallback                  0x08002345   Thumb Code     2  stm32f4xx_hal_uart.o(i.HAL_UART_TxCpltCallback)
    HardFault_Handler                        0x08002347   Thumb Code     2  stm32f4xx_it.o(i.HardFault_Handler)
    MOTOR_INIT                               0x08002349   Thumb Code   146  user_defination.o(i.MOTOR_INIT)
    MX_CAN1_Init                             0x080023fd   Thumb Code    56  can.o(i.MX_CAN1_Init)
    MX_FREERTOS_Init                         0x0800243d   Thumb Code    44  freertos.o(i.MX_FREERTOS_Init)
    MX_GPIO_Init                             0x08002475   Thumb Code   134  gpio.o(i.MX_GPIO_Init)
    MX_USART1_UART_Init                      0x08002509   Thumb Code    48  usart.o(i.MX_USART1_UART_Init)
    MemManage_Handler                        0x08002541   Thumb Code     2  stm32f4xx_it.o(i.MemManage_Handler)
    MotorCtrl                                0x08002545   Thumb Code   156  user_defination.o(i.MotorCtrl)
    NMI_Handler                              0x080025f1   Thumb Code     2  stm32f4xx_it.o(i.NMI_Handler)
    PID_Cal                                  0x080025f3   Thumb Code   118  user_defination.o(i.PID_Cal)
    SerialTask                               0x08002669   Thumb Code    34  uart_serial.o(i.SerialTask)
    SerialTaskStart                          0x08002691   Thumb Code    26  uart_serial.o(i.SerialTaskStart)
    StartDefaultTask                         0x080026b1   Thumb Code     8  freertos.o(i.StartDefaultTask)
    SysTick_Handler                          0x080026b9   Thumb Code    38  port.o(i.SysTick_Handler)
    SystemClock_Config                       0x080026e5   Thumb Code   140  main.o(i.SystemClock_Config)
    SystemInit                               0x08002779   Thumb Code    12  system_stm32f4xx.o(i.SystemInit)
    TIM2_IRQHandler                          0x08002789   Thumb Code     6  stm32f4xx_it.o(i.TIM2_IRQHandler)
    TIM_Base_SetConfig                       0x08002795   Thumb Code   164  stm32f4xx_hal_tim.o(i.TIM_Base_SetConfig)
    UART_INIT                                0x080028c1   Thumb Code    22  uart_serial.o(i.UART_INIT)
    UART_Start_Receive_IT                    0x08002abd   Thumb Code    54  stm32f4xx_hal_uart.o(i.UART_Start_Receive_IT)
    USART1_IRQHandler                        0x08002b65   Thumb Code     6  stm32f4xx_it.o(i.USART1_IRQHandler)
    USER_INIT                                0x08002b71   Thumb Code    22  user_init.o(i.USER_INIT)
    UartTransmit                             0x08002b89   Thumb Code    54  uart_serial.o(i.UartTransmit)
    UpdataMotor                              0x08002bc9   Thumb Code   236  can_serial.o(i.UpdataMotor)
    UsageFault_Handler                       0x08002cd5   Thumb Code     2  stm32f4xx_it.o(i.UsageFault_Handler)
    __0printf                                0x08002cd9   Thumb Code    22  printfa.o(i.__0printf)
    __1printf                                0x08002cd9   Thumb Code     0  printfa.o(i.__0printf)
    __2printf                                0x08002cd9   Thumb Code     0  printfa.o(i.__0printf)
    __c89printf                              0x08002cd9   Thumb Code     0  printfa.o(i.__0printf)
    printf                                   0x08002cd9   Thumb Code     0  printfa.o(i.__0printf)
    __scatterload_copy                       0x08002d19   Thumb Code    14  handlers.o(i.__scatterload_copy)
    __scatterload_null                       0x08002d27   Thumb Code     2  handlers.o(i.__scatterload_null)
    __scatterload_zeroinit                   0x08002d29   Thumb Code    14  handlers.o(i.__scatterload_zeroinit)
    fputc                                    0x080035c3   Thumb Code    18  fputc.o(i.fputc)
    lightTask                                0x080035d5   Thumb Code    26  user_init.o(i.lightTask)
    lightTaskStart                           0x080035f5   Thumb Code    26  user_init.o(i.lightTaskStart)
    main                                     0x08003615   Thumb Code    30  main.o(i.main)
    osDelay                                  0x0800363f   Thumb Code    14  cmsis_os.o(i.osDelay)
    osKernelStart                            0x0800364d   Thumb Code    10  cmsis_os.o(i.osKernelStart)
    osThreadCreate                           0x08003657   Thumb Code    84  cmsis_os.o(i.osThreadCreate)
    pvPortMalloc                             0x080039f9   Thumb Code   216  heap_4.o(i.pvPortMalloc)
    pxPortInitialiseStack                    0x08003ad5   Thumb Code    40  port.o(i.pxPortInitialiseStack)
    uxListRemove                             0x08003b01   Thumb Code    38  list.o(i.uxListRemove)
    vApplicationGetIdleTaskMemory            0x08003b29   Thumb Code    16  freertos.o(i.vApplicationGetIdleTaskMemory)
    vListInitialise                          0x08003b3d   Thumb Code    22  list.o(i.vListInitialise)
    vListInitialiseItem                      0x08003b53   Thumb Code     6  list.o(i.vListInitialiseItem)
    vListInsert                              0x08003b59   Thumb Code    48  list.o(i.vListInsert)
    vListInsertEnd                           0x08003b89   Thumb Code    24  list.o(i.vListInsertEnd)
    vPortEnterCritical                       0x08003ba1   Thumb Code    54  port.o(i.vPortEnterCritical)
    vPortExitCritical                        0x08003be1   Thumb Code    34  port.o(i.vPortExitCritical)
    vPortFree                                0x08003c09   Thumb Code    94  heap_4.o(i.vPortFree)
    vPortSetupTimerInterrupt                 0x08003c6d   Thumb Code    32  port.o(i.vPortSetupTimerInterrupt)
    vTaskDelay                               0x08003c91   Thumb Code    66  tasks.o(i.vTaskDelay)
    vTaskStartScheduler                      0x08003cdd   Thumb Code    90  tasks.o(i.vTaskStartScheduler)
    vTaskSuspendAll                          0x08003d49   Thumb Code    10  tasks.o(i.vTaskSuspendAll)
    vTaskSwitchContext                       0x08003d59   Thumb Code    82  tasks.o(i.vTaskSwitchContext)
    xPortStartScheduler                      0x08003db5   Thumb Code   222  port.o(i.xPortStartScheduler)
    xTaskCreate                              0x08003ea9   Thumb Code    90  tasks.o(i.xTaskCreate)
    xTaskCreateStatic                        0x08003f03   Thumb Code    86  tasks.o(i.xTaskCreateStatic)
    xTaskIncrementTick                       0x08003f59   Thumb Code   194  tasks.o(i.xTaskIncrementTick)
    xTaskResumeAll                           0x08004025   Thumb Code   182  tasks.o(i.xTaskResumeAll)
    AHBPrescTable                            0x08004104   Data          16  system_stm32f4xx.o(.constdata)
    APBPrescTable                            0x08004114   Data           8  system_stm32f4xx.o(.constdata)
    Region$$Table$$Base                      0x08004198   Number         0  anon$$obj.o(Region$$Table)
    Region$$Table$$Limit                     0x080041b8   Number         0  anon$$obj.o(Region$$Table)
    defaultTaskHandle                        0x20000000   Data           4  freertos.o(.data)
    uwTickFreq                               0x20000004   Data           1  stm32f4xx_hal.o(.data)
    uwTickPrio                               0x20000008   Data           4  stm32f4xx_hal.o(.data)
    uwTick                                   0x2000000c   Data           4  stm32f4xx_hal.o(.data)
    SystemCoreClock                          0x20000010   Data           4  system_stm32f4xx.o(.data)
    pxCurrentTCB                             0x20000014   Data           4  tasks.o(.data)
    HEADER                                   0x2000008c   Data           2  uart_serial.o(.data)
    MOTOR_IS_POS                             0x20000090   Data          12  user_defination.o(.data)
    MOTOR_MIN                                0x2000009c   Data          12  user_defination.o(.data)
    MOTOR_MAX                                0x200000a8   Data          12  user_defination.o(.data)
    __stdout                                 0x200000b4   Data           4  stdout.o(.data)
    hcan1                                    0x2000030c   Data          40  can.o(.bss)
    huart1                                   0x20000334   Data          72  usart.o(.bss)
    htim2                                    0x2000037c   Data          72  stm32f4xx_hal_timebase_tim.o(.bss)
    RxBuffer                                 0x200040b4   Data          30  uart_serial.o(.bss)
    motor                                    0x200040d4   Data         480  user_defination.o(.bss)
    __initial_sp                             0x200046b8   Data           0  startup_stm32f407xx.o(STACK)



==============================================================================

Memory Map of the image

  Image Entry point : 0x08000189

  Load Region LR_IROM1 (Base: 0x08000000, Size: 0x00004270, Max: 0x00080000, ABSOLUTE)

    Execution Region ER_IROM1 (Exec base: 0x08000000, Load base: 0x08000000, Size: 0x000041b8, Max: 0x00080000, ABSOLUTE)

    Exec Addr    Load Addr    Size         Type   Attr      Idx    E Section Name        Object

    0x08000000   0x08000000   0x00000188   Data   RO            3    RESET               startup_stm32f407xx.o
    0x08000188   0x08000188   0x00000000   Code   RO         4799  * .ARM.Collect$$$$00000000  mc_w.l(entry.o)
    0x08000188   0x08000188   0x00000004   Code   RO         5085    .ARM.Collect$$$$00000001  mc_w.l(entry2.o)
    0x0800018c   0x0800018c   0x00000004   Code   RO         5088    .ARM.Collect$$$$00000004  mc_w.l(entry5.o)
    0x08000190   0x08000190   0x00000000   Code   RO         5090    .ARM.Collect$$$$00000008  mc_w.l(entry7b.o)
    0x08000190   0x08000190   0x00000000   Code   RO         5092    .ARM.Collect$$$$0000000A  mc_w.l(entry8b.o)
    0x08000190   0x08000190   0x00000008   Code   RO         5093    .ARM.Collect$$$$0000000B  mc_w.l(entry9a.o)
    0x08000198   0x08000198   0x00000004   Code   RO         5100    .ARM.Collect$$$$0000000E  mc_w.l(entry12b.o)
    0x0800019c   0x0800019c   0x00000000   Code   RO         5095    .ARM.Collect$$$$0000000F  mc_w.l(entry10a.o)
    0x0800019c   0x0800019c   0x00000000   Code   RO         5097    .ARM.Collect$$$$00000011  mc_w.l(entry11a.o)
    0x0800019c   0x0800019c   0x00000004   Code   RO         5086    .ARM.Collect$$$$00002712  mc_w.l(entry2.o)
    0x080001a0   0x080001a0   0x000000be   Code   RO         4500    .emb_text           port.o
    0x0800025e   0x0800025e   0x00000002   PAD
    0x08000260   0x08000260   0x00000024   Code   RO            4    .text               startup_stm32f407xx.o
    0x08000284   0x08000284   0x00000062   Code   RO         4802    .text               mc_w.l(uldiv.o)
    0x080002e6   0x080002e6   0x00000024   Code   RO         4804    .text               mc_w.l(memcpya.o)
    0x0800030a   0x0800030a   0x00000024   Code   RO         4808    .text               mc_w.l(memseta.o)
    0x0800032e   0x0800032e   0x0000014e   Code   RO         5073    .text               mf_w.l(dadd.o)
    0x0800047c   0x0800047c   0x000000e4   Code   RO         5075    .text               mf_w.l(dmul.o)
    0x08000560   0x08000560   0x000000de   Code   RO         5077    .text               mf_w.l(ddiv.o)
    0x0800063e   0x0800063e   0x00000022   Code   RO         5079    .text               mf_w.l(dflti.o)
    0x08000660   0x08000660   0x00000026   Code   RO         5081    .text               mf_w.l(f2d.o)
    0x08000686   0x08000686   0x00000038   Code   RO         5083    .text               mf_w.l(d2f.o)
    0x080006be   0x080006be   0x0000002c   Code   RO         5104    .text               mc_w.l(uidiv.o)
    0x080006ea   0x080006ea   0x0000001e   Code   RO         5106    .text               mc_w.l(llshl.o)
    0x08000708   0x08000708   0x00000020   Code   RO         5108    .text               mc_w.l(llushr.o)
    0x08000728   0x08000728   0x00000024   Code   RO         5110    .text               mc_w.l(llsshr.o)
    0x0800074c   0x0800074c   0x00000000   Code   RO         5112    .text               mc_w.l(iusefp.o)
    0x0800074c   0x0800074c   0x0000006e   Code   RO         5113    .text               mf_w.l(fepilogue.o)
    0x080007ba   0x080007ba   0x000000ba   Code   RO         5115    .text               mf_w.l(depilogue.o)
    0x08000874   0x08000874   0x00000030   Code   RO         5117    .text               mf_w.l(dfixul.o)
    0x080008a4   0x080008a4   0x00000030   Code   RO         5119    .text               mf_w.l(cdrcmple.o)
    0x080008d4   0x080008d4   0x00000024   Code   RO         5121    .text               mc_w.l(init.o)
    0x080008f8   0x080008f8   0x00000000   Code   RO         5123    .text               mc_w.l(semi.o)
    0x080008f8   0x080008f8   0x00000000   Code   RO         5124    .text               mc_w.l(iusesemip.o)
    0x080008f8   0x080008f8   0x00000002   Code   RO          386    i.BusFault_Handler  stm32f4xx_it.o
    0x080008fa   0x080008fa   0x00000002   PAD
    0x080008fc   0x080008fc   0x0000000c   Code   RO          387    i.CAN1_RX0_IRQHandler  stm32f4xx_it.o
    0x08000908   0x08000908   0x0000003c   Code   RO         4580    i.CAN_INIT          can_serial.o
    0x08000944   0x08000944   0x00000118   Code   RO         4581    i.CanSerialTask     can_serial.o
    0x08000a5c   0x08000a5c   0x00000020   Code   RO         4582    i.CanSerialTaskStart  can_serial.o
    0x08000a7c   0x08000a7c   0x00000064   Code   RO         4583    i.CanTransmitMotor0123  can_serial.o
    0x08000ae0   0x08000ae0   0x00000002   Code   RO          388    i.DebugMon_Handler  stm32f4xx_it.o
    0x08000ae2   0x08000ae2   0x00000004   Code   RO           13    i.Error_Handler     main.o
    0x08000ae6   0x08000ae6   0x00000024   Code   RO         1499    i.HAL_CAN_ActivateNotification  stm32f4xx_hal_can.o
    0x08000b0a   0x08000b0a   0x000000d0   Code   RO         1500    i.HAL_CAN_AddTxMessage  stm32f4xx_hal_can.o
    0x08000bda   0x08000bda   0x00000002   PAD
    0x08000bdc   0x08000bdc   0x0000010c   Code   RO         1501    i.HAL_CAN_ConfigFilter  stm32f4xx_hal_can.o
    0x08000ce8   0x08000ce8   0x00000002   Code   RO         1504    i.HAL_CAN_ErrorCallback  stm32f4xx_hal_can.o
    0x08000cea   0x08000cea   0x000000f4   Code   RO         1507    i.HAL_CAN_GetRxMessage  stm32f4xx_hal_can.o
    0x08000dde   0x08000dde   0x0000002c   Code   RO         1509    i.HAL_CAN_GetTxMailboxesFreeLevel  stm32f4xx_hal_can.o
    0x08000e0a   0x08000e0a   0x000001fc   Code   RO         1511    i.HAL_CAN_IRQHandler  stm32f4xx_hal_can.o
    0x08001006   0x08001006   0x0000011a   Code   RO         1512    i.HAL_CAN_Init      stm32f4xx_hal_can.o
    0x08001120   0x08001120   0x00000078   Code   RO          303    i.HAL_CAN_MspInit   can.o
    0x08001198   0x08001198   0x00000002   Code   RO         1519    i.HAL_CAN_RxFifo0FullCallback  stm32f4xx_hal_can.o
    0x0800119a   0x0800119a   0x00000002   PAD
    0x0800119c   0x0800119c   0x0000006c   Code   RO         4584    i.HAL_CAN_RxFifo0MsgPendingCallback  can_serial.o
    0x08001208   0x08001208   0x00000002   Code   RO         1521    i.HAL_CAN_RxFifo1FullCallback  stm32f4xx_hal_can.o
    0x0800120a   0x0800120a   0x00000002   Code   RO         1522    i.HAL_CAN_RxFifo1MsgPendingCallback  stm32f4xx_hal_can.o
    0x0800120c   0x0800120c   0x00000002   Code   RO         1523    i.HAL_CAN_SleepCallback  stm32f4xx_hal_can.o
    0x0800120e   0x0800120e   0x00000002   PAD
    0x08001210   0x08001210   0x00000058   Code   RO         1524    i.HAL_CAN_Start     stm32f4xx_hal_can.o
    0x08001268   0x08001268   0x00000002   Code   RO         1526    i.HAL_CAN_TxMailbox0AbortCallback  stm32f4xx_hal_can.o
    0x0800126a   0x0800126a   0x00000002   Code   RO         1527    i.HAL_CAN_TxMailbox0CompleteCallback  stm32f4xx_hal_can.o
    0x0800126c   0x0800126c   0x00000002   Code   RO         1528    i.HAL_CAN_TxMailbox1AbortCallback  stm32f4xx_hal_can.o
    0x0800126e   0x0800126e   0x00000002   Code   RO         1529    i.HAL_CAN_TxMailbox1CompleteCallback  stm32f4xx_hal_can.o
    0x08001270   0x08001270   0x00000002   Code   RO         1530    i.HAL_CAN_TxMailbox2AbortCallback  stm32f4xx_hal_can.o
    0x08001272   0x08001272   0x00000002   Code   RO         1531    i.HAL_CAN_TxMailbox2CompleteCallback  stm32f4xx_hal_can.o
    0x08001274   0x08001274   0x00000002   Code   RO         1533    i.HAL_CAN_WakeUpFromRxMsgCallback  stm32f4xx_hal_can.o
    0x08001276   0x08001276   0x00000092   Code   RO         2194    i.HAL_DMA_Abort     stm32f4xx_hal_dma.o
    0x08001308   0x08001308   0x00000024   Code   RO         2195    i.HAL_DMA_Abort_IT  stm32f4xx_hal_dma.o
    0x0800132c   0x0800132c   0x000001f0   Code   RO         2087    i.HAL_GPIO_Init     stm32f4xx_hal_gpio.o
    0x0800151c   0x0800151c   0x00000010   Code   RO         2090    i.HAL_GPIO_TogglePin  stm32f4xx_hal_gpio.o
    0x0800152c   0x0800152c   0x0000000a   Code   RO         2091    i.HAL_GPIO_WritePin  stm32f4xx_hal_gpio.o
    0x08001536   0x08001536   0x00000002   PAD
    0x08001538   0x08001538   0x0000000c   Code   RO         2637    i.HAL_GetTick       stm32f4xx_hal.o
    0x08001544   0x08001544   0x00000010   Code   RO         2643    i.HAL_IncTick       stm32f4xx_hal.o
    0x08001554   0x08001554   0x00000034   Code   RO         2644    i.HAL_Init          stm32f4xx_hal.o
    0x08001588   0x08001588   0x00000098   Code   RO          486    i.HAL_InitTick      stm32f4xx_hal_timebase_tim.o
    0x08001620   0x08001620   0x00000038   Code   RO          462    i.HAL_MspInit       stm32f4xx_hal_msp.o
    0x08001658   0x08001658   0x0000001a   Code   RO         2479    i.HAL_NVIC_EnableIRQ  stm32f4xx_hal_cortex.o
    0x08001672   0x08001672   0x00000002   PAD
    0x08001674   0x08001674   0x00000040   Code   RO         2485    i.HAL_NVIC_SetPriority  stm32f4xx_hal_cortex.o
    0x080016b4   0x080016b4   0x00000024   Code   RO         2486    i.HAL_NVIC_SetPriorityGrouping  stm32f4xx_hal_cortex.o
    0x080016d8   0x080016d8   0x00000134   Code   RO         1733    i.HAL_RCC_ClockConfig  stm32f4xx_hal_rcc.o
    0x0800180c   0x0800180c   0x00000040   Code   RO         1737    i.HAL_RCC_GetClockConfig  stm32f4xx_hal_rcc.o
    0x0800184c   0x0800184c   0x00000020   Code   RO         1740    i.HAL_RCC_GetPCLK1Freq  stm32f4xx_hal_rcc.o
    0x0800186c   0x0800186c   0x00000020   Code   RO         1741    i.HAL_RCC_GetPCLK2Freq  stm32f4xx_hal_rcc.o
    0x0800188c   0x0800188c   0x00000064   Code   RO         1742    i.HAL_RCC_GetSysClockFreq  stm32f4xx_hal_rcc.o
    0x080018f0   0x080018f0   0x0000036c   Code   RO         1745    i.HAL_RCC_OscConfig  stm32f4xx_hal_rcc.o
    0x08001c5c   0x08001c5c   0x00000002   Code   RO         1231    i.HAL_TIMEx_BreakCallback  stm32f4xx_hal_tim_ex.o
    0x08001c5e   0x08001c5e   0x00000002   Code   RO         1232    i.HAL_TIMEx_CommutCallback  stm32f4xx_hal_tim_ex.o
    0x08001c60   0x08001c60   0x0000005a   Code   RO          527    i.HAL_TIM_Base_Init  stm32f4xx_hal_tim.o
    0x08001cba   0x08001cba   0x00000002   Code   RO          529    i.HAL_TIM_Base_MspInit  stm32f4xx_hal_tim.o
    0x08001cbc   0x08001cbc   0x00000080   Code   RO          532    i.HAL_TIM_Base_Start_IT  stm32f4xx_hal_tim.o
    0x08001d3c   0x08001d3c   0x00000002   Code   RO          561    i.HAL_TIM_IC_CaptureCallback  stm32f4xx_hal_tim.o
    0x08001d3e   0x08001d3e   0x00000130   Code   RO          575    i.HAL_TIM_IRQHandler  stm32f4xx_hal_tim.o
    0x08001e6e   0x08001e6e   0x00000002   Code   RO          578    i.HAL_TIM_OC_DelayElapsedCallback  stm32f4xx_hal_tim.o
    0x08001e70   0x08001e70   0x00000002   Code   RO          605    i.HAL_TIM_PWM_PulseFinishedCallback  stm32f4xx_hal_tim.o
    0x08001e72   0x08001e72   0x0000000e   Code   RO           14    i.HAL_TIM_PeriodElapsedCallback  main.o
    0x08001e80   0x08001e80   0x00000002   Code   RO          618    i.HAL_TIM_TriggerCallback  stm32f4xx_hal_tim.o
    0x08001e82   0x08001e82   0x00000002   Code   RO         2894    i.HAL_UARTEx_RxEventCallback  stm32f4xx_hal_uart.o
    0x08001e84   0x08001e84   0x00000002   Code   RO         2908    i.HAL_UART_ErrorCallback  stm32f4xx_hal_uart.o
    0x08001e86   0x08001e86   0x00000002   PAD
    0x08001e88   0x08001e88   0x00000280   Code   RO         2911    i.HAL_UART_IRQHandler  stm32f4xx_hal_uart.o
    0x08002108   0x08002108   0x00000064   Code   RO         2912    i.HAL_UART_Init     stm32f4xx_hal_uart.o
    0x0800216c   0x0800216c   0x000000a0   Code   RO          345    i.HAL_UART_MspInit  usart.o
    0x0800220c   0x0800220c   0x0000001c   Code   RO         2917    i.HAL_UART_Receive_IT  stm32f4xx_hal_uart.o
    0x08002228   0x08002228   0x0000007c   Code   RO         4641    i.HAL_UART_RxCpltCallback  uart_serial.o
    0x080022a4   0x080022a4   0x000000a0   Code   RO         2920    i.HAL_UART_Transmit  stm32f4xx_hal_uart.o
    0x08002344   0x08002344   0x00000002   Code   RO         2923    i.HAL_UART_TxCpltCallback  stm32f4xx_hal_uart.o
    0x08002346   0x08002346   0x00000002   Code   RO          389    i.HardFault_Handler  stm32f4xx_it.o
    0x08002348   0x08002348   0x000000b4   Code   RO         4699    i.MOTOR_INIT        user_defination.o
    0x080023fc   0x080023fc   0x00000040   Code   RO          304    i.MX_CAN1_Init      can.o
    0x0800243c   0x0800243c   0x00000038   Code   RO          232    i.MX_FREERTOS_Init  freertos.o
    0x08002474   0x08002474   0x00000094   Code   RO          208    i.MX_GPIO_Init      gpio.o
    0x08002508   0x08002508   0x00000038   Code   RO          346    i.MX_USART1_UART_Init  usart.o
    0x08002540   0x08002540   0x00000002   Code   RO          390    i.MemManage_Handler  stm32f4xx_it.o
    0x08002542   0x08002542   0x00000002   PAD
    0x08002544   0x08002544   0x000000ac   Code   RO         4700    i.MotorCtrl         user_defination.o
    0x080025f0   0x080025f0   0x00000002   Code   RO          391    i.NMI_Handler       stm32f4xx_it.o
    0x080025f2   0x080025f2   0x00000076   Code   RO         4701    i.PID_Cal           user_defination.o
    0x08002668   0x08002668   0x00000028   Code   RO         4642    i.SerialTask        uart_serial.o
    0x08002690   0x08002690   0x00000020   Code   RO         4643    i.SerialTaskStart   uart_serial.o
    0x080026b0   0x080026b0   0x00000008   Code   RO          233    i.StartDefaultTask  freertos.o
    0x080026b8   0x080026b8   0x0000002c   Code   RO         4501    i.SysTick_Handler   port.o
    0x080026e4   0x080026e4   0x00000094   Code   RO           15    i.SystemClock_Config  main.o
    0x08002778   0x08002778   0x00000010   Code   RO         3246    i.SystemInit        system_stm32f4xx.o
    0x08002788   0x08002788   0x0000000c   Code   RO          392    i.TIM2_IRQHandler   stm32f4xx_it.o
    0x08002794   0x08002794   0x000000d0   Code   RO          620    i.TIM_Base_SetConfig  stm32f4xx_hal_tim.o
    0x08002864   0x08002864   0x0000000e   Code   RO         2925    i.UART_DMAAbortOnError  stm32f4xx_hal_uart.o
    0x08002872   0x08002872   0x0000004e   Code   RO         2935    i.UART_EndRxTransfer  stm32f4xx_hal_uart.o
    0x080028c0   0x080028c0   0x0000002c   Code   RO         4644    i.UART_INIT         uart_serial.o
    0x080028ec   0x080028ec   0x000000c2   Code   RO         2937    i.UART_Receive_IT   stm32f4xx_hal_uart.o
    0x080029ae   0x080029ae   0x00000002   PAD
    0x080029b0   0x080029b0   0x0000010c   Code   RO         2938    i.UART_SetConfig    stm32f4xx_hal_uart.o
    0x08002abc   0x08002abc   0x00000036   Code   RO         2940    i.UART_Start_Receive_IT  stm32f4xx_hal_uart.o
    0x08002af2   0x08002af2   0x00000072   Code   RO         2941    i.UART_WaitOnFlagUntilTimeout  stm32f4xx_hal_uart.o
    0x08002b64   0x08002b64   0x0000000c   Code   RO          393    i.USART1_IRQHandler  stm32f4xx_it.o
    0x08002b70   0x08002b70   0x00000016   Code   RO         4751    i.USER_INIT         user_init.o
    0x08002b86   0x08002b86   0x00000002   PAD
    0x08002b88   0x08002b88   0x00000040   Code   RO         4645    i.UartTransmit      uart_serial.o
    0x08002bc8   0x08002bc8   0x0000010c   Code   RO         4585    i.UpdataMotor       can_serial.o
    0x08002cd4   0x08002cd4   0x00000002   Code   RO          394    i.UsageFault_Handler  stm32f4xx_it.o
    0x08002cd6   0x08002cd6   0x00000002   PAD
    0x08002cd8   0x08002cd8   0x00000020   Code   RO         5045    i.__0printf         mc_w.l(printfa.o)
    0x08002cf8   0x08002cf8   0x00000020   Code   RO         2492    i.__NVIC_SetPriority  stm32f4xx_hal_cortex.o
    0x08002d18   0x08002d18   0x0000000e   Code   RO         5127    i.__scatterload_copy  mc_w.l(handlers.o)
    0x08002d26   0x08002d26   0x00000002   Code   RO         5128    i.__scatterload_null  mc_w.l(handlers.o)
    0x08002d28   0x08002d28   0x0000000e   Code   RO         5129    i.__scatterload_zeroinit  mc_w.l(handlers.o)
    0x08002d36   0x08002d36   0x00000002   PAD
    0x08002d38   0x08002d38   0x00000184   Code   RO         5052    i._fp_digits        mc_w.l(printfa.o)
    0x08002ebc   0x08002ebc   0x000006b4   Code   RO         5053    i._printf_core      mc_w.l(printfa.o)
    0x08003570   0x08003570   0x00000024   Code   RO         5054    i._printf_post_padding  mc_w.l(printfa.o)
    0x08003594   0x08003594   0x0000002e   Code   RO         5055    i._printf_pre_padding  mc_w.l(printfa.o)
    0x080035c2   0x080035c2   0x00000012   Code   RO         5101    i.fputc             mc_w.l(fputc.o)
    0x080035d4   0x080035d4   0x00000020   Code   RO         4752    i.lightTask         user_init.o
    0x080035f4   0x080035f4   0x00000020   Code   RO         4753    i.lightTaskStart    user_init.o
    0x08003614   0x08003614   0x0000001e   Code   RO           16    i.main              main.o
    0x08003632   0x08003632   0x0000000c   Code   RO         4066    i.makeFreeRtosPriority  cmsis_os.o
    0x0800363e   0x0800363e   0x0000000e   Code   RO         4068    i.osDelay           cmsis_os.o
    0x0800364c   0x0800364c   0x0000000a   Code   RO         4071    i.osKernelStart     cmsis_os.o
    0x08003656   0x08003656   0x00000054   Code   RO         4105    i.osThreadCreate    cmsis_os.o
    0x080036aa   0x080036aa   0x00000002   PAD
    0x080036ac   0x080036ac   0x00000070   Code   RO         3748    i.prvAddCurrentTaskToDelayedList  tasks.o
    0x0800371c   0x0800371c   0x000000d0   Code   RO         3749    i.prvAddNewTaskToReadyList  tasks.o
    0x080037ec   0x080037ec   0x00000034   Code   RO         3750    i.prvDeleteTCB      tasks.o
    0x08003820   0x08003820   0x0000004c   Code   RO         4433    i.prvHeapInit       heap_4.o
    0x0800386c   0x0800386c   0x00000060   Code   RO         3751    i.prvIdleTask       tasks.o
    0x080038cc   0x080038cc   0x00000098   Code   RO         3752    i.prvInitialiseNewTask  tasks.o
    0x08003964   0x08003964   0x0000004c   Code   RO         4434    i.prvInsertBlockIntoFreeList  heap_4.o
    0x080039b0   0x080039b0   0x00000020   Code   RO         3753    i.prvResetNextTaskUnblockTime  tasks.o
    0x080039d0   0x080039d0   0x00000028   Code   RO         4502    i.prvTaskExitError  port.o
    0x080039f8   0x080039f8   0x000000dc   Code   RO         4435    i.pvPortMalloc      heap_4.o
    0x08003ad4   0x08003ad4   0x0000002c   Code   RO         4503    i.pxPortInitialiseStack  port.o
    0x08003b00   0x08003b00   0x00000026   Code   RO         3384    i.uxListRemove      list.o
    0x08003b26   0x08003b26   0x00000002   PAD
    0x08003b28   0x08003b28   0x00000014   Code   RO          234    i.vApplicationGetIdleTaskMemory  freertos.o
    0x08003b3c   0x08003b3c   0x00000016   Code   RO         3385    i.vListInitialise   list.o
    0x08003b52   0x08003b52   0x00000006   Code   RO         3386    i.vListInitialiseItem  list.o
    0x08003b58   0x08003b58   0x00000030   Code   RO         3387    i.vListInsert       list.o
    0x08003b88   0x08003b88   0x00000018   Code   RO         3388    i.vListInsertEnd    list.o
    0x08003ba0   0x08003ba0   0x00000040   Code   RO         4505    i.vPortEnterCritical  port.o
    0x08003be0   0x08003be0   0x00000028   Code   RO         4506    i.vPortExitCritical  port.o
    0x08003c08   0x08003c08   0x00000064   Code   RO         4436    i.vPortFree         heap_4.o
    0x08003c6c   0x08003c6c   0x00000024   Code   RO         4507    i.vPortSetupTimerInterrupt  port.o
    0x08003c90   0x08003c90   0x0000004c   Code   RO         3762    i.vTaskDelay        tasks.o
    0x08003cdc   0x08003cdc   0x0000006c   Code   RO         3775    i.vTaskStartScheduler  tasks.o
    0x08003d48   0x08003d48   0x00000010   Code   RO         3777    i.vTaskSuspendAll   tasks.o
    0x08003d58   0x08003d58   0x0000005c   Code   RO         3778    i.vTaskSwitchContext  tasks.o
    0x08003db4   0x08003db4   0x000000f4   Code   RO         4509    i.xPortStartScheduler  port.o
    0x08003ea8   0x08003ea8   0x0000005a   Code   RO         3781    i.xTaskCreate       tasks.o
    0x08003f02   0x08003f02   0x00000056   Code   RO         3782    i.xTaskCreateStatic  tasks.o
    0x08003f58   0x08003f58   0x000000cc   Code   RO         3789    i.xTaskIncrementTick  tasks.o
    0x08004024   0x08004024   0x000000c4   Code   RO         3795    i.xTaskResumeAll    tasks.o
    0x080040e8   0x080040e8   0x0000001c   Data   RO          236    .constdata          freertos.o
    0x08004104   0x08004104   0x00000010   Data   RO         3247    .constdata          system_stm32f4xx.o
    0x08004114   0x08004114   0x00000008   Data   RO         3248    .constdata          system_stm32f4xx.o
    0x0800411c   0x0800411c   0x0000001c   Data   RO         4586    .constdata          can_serial.o
    0x08004138   0x08004138   0x0000001c   Data   RO         4647    .constdata          uart_serial.o
    0x08004154   0x08004154   0x0000001c   Data   RO         4754    .constdata          user_init.o
    0x08004170   0x08004170   0x0000000c   Data   RO          237    .conststring        freertos.o
    0x0800417c   0x0800417c   0x0000000a   Data   RO         4587    .conststring        can_serial.o
    0x08004186   0x08004186   0x00000002   PAD
    0x08004188   0x08004188   0x00000007   Data   RO         4648    .conststring        uart_serial.o
    0x0800418f   0x0800418f   0x00000001   PAD
    0x08004190   0x08004190   0x00000006   Data   RO         4755    .conststring        user_init.o
    0x08004196   0x08004196   0x00000002   PAD
    0x08004198   0x08004198   0x00000020   Data   RO         5125    Region$$Table       anon$$obj.o


    Execution Region RW_IRAM1 (Exec base: 0x20000000, Load base: 0x080041b8, Size: 0x000046b8, Max: 0x0001c000, ABSOLUTE)

    Exec Addr    Load Addr    Size         Type   Attr      Idx    E Section Name        Object

    0x20000000   0x080041b8   0x00000004   Data   RW          238    .data               freertos.o
    0x20000004   0x080041bc   0x0000000c   Data   RW         2651    .data               stm32f4xx_hal.o
    0x20000010   0x080041c8   0x00000004   Data   RW         3249    .data               system_stm32f4xx.o
    0x20000014   0x080041cc   0x0000003c   Data   RW         3798    .data               tasks.o
    0x20000050   0x08004208   0x00000020   Data   RW         4442    .data               heap_4.o
    0x20000070   0x08004228   0x0000000c   Data   RW         4510    .data               port.o
    0x2000007c   0x08004234   0x00000010   Data   RW         4588    .data               can_serial.o
    0x2000008c   0x08004244   0x00000002   Data   RW         4649    .data               uart_serial.o
    0x2000008e   0x08004246   0x00000002   PAD
    0x20000090   0x08004248   0x0000000c   Data   RW         4703    .data               user_defination.o
    0x2000009c   0x08004254   0x0000000c   Data   RW         4704    .data               user_defination.o
    0x200000a8   0x08004260   0x0000000c   Data   RW         4705    .data               user_defination.o
    0x200000b4   0x0800426c   0x00000004   Data   RW         5103    .data               mc_w.l(stdout.o)
    0x200000b8        -       0x00000254   Zero   RW          235    .bss                freertos.o
    0x2000030c        -       0x00000028   Zero   RW          305    .bss                can.o
    0x20000334        -       0x00000048   Zero   RW          347    .bss                usart.o
    0x2000037c        -       0x00000048   Zero   RW          489    .bss                stm32f4xx_hal_timebase_tim.o
    0x200003c4        -       0x000000f0   Zero   RW         3797    .bss                tasks.o
    0x200004b4        -       0x00003c00   Zero   RW         4441    .bss                heap_4.o
    0x200040b4        -       0x0000001e   Zero   RW         4646    .bss                uart_serial.o
    0x200040d2   0x08004270   0x00000002   PAD
    0x200040d4        -       0x000001e0   Zero   RW         4702    .bss                user_defination.o
    0x200042b4   0x08004270   0x00000004   PAD
    0x200042b8        -       0x00000400   Zero   RW            1    STACK               startup_stm32f407xx.o


    Execution Region RW_IRAM2 (Exec base: 0x2001c000, Load base: 0x08004270, Size: 0x00000000, Max: 0x00004000, ABSOLUTE)

    **** No section assigned to this execution region ****


==============================================================================

Image component sizes


      Code (inc. data)   RO Data    RW Data    ZI Data      Debug   Object Name

       184         22          0          0         40       1769   can.o
       848        104         38         16          0       4437   can_serial.o
       120          0          0          0          0      23281   cmsis_os.o
         0          0          0          0          0      16788   event_groups.o
        84         16         40          4        596       8215   freertos.o
       148         14          0          0          0       1063   gpio.o
       472         24          0         32      15360       7447   heap_4.o
       138          0          0          0          0       3602   list.o
       196          8          0          0          0     735900   main.o
       702         72          0         12          0      10972   port.o
        36          8        392          0       1024        824   startup_stm32f407xx.o
        80         14          0         12          0       8134   stm32f4xx_hal.o
      1702          6          0          0          0      14925   stm32f4xx_hal_can.o
       158         14          0          0          0      32978   stm32f4xx_hal_cortex.o
       182          0          0          0          0       2187   stm32f4xx_hal_dma.o
       522         46          0          0          0       2913   stm32f4xx_hal_gpio.o
        56          4          0          0          0        966   stm32f4xx_hal_msp.o
      1412         86          0          0          0       5957   stm32f4xx_hal_rcc.o
       740         72          0          0          0       7500   stm32f4xx_hal_tim.o
         4          0          0          0          0       1717   stm32f4xx_hal_tim_ex.o
       152         18          0          0         72       1567   stm32f4xx_hal_timebase_tim.o
      1656         14          0          0          0      11396   stm32f4xx_hal_uart.o
        48         18          0          0          0       4081   stm32f4xx_it.o
         0          0          0          0          0        400   stream_buffer.o
        16          4         24          4          0       1215   system_stm32f4xx.o
      1520        112          0         60        240      19390   tasks.o
       304         62         35          2         30       4026   uart_serial.o
       216         24          0          0         72       1842   usart.o
       470         50          0         36        480       3676   user_defination.o
        86         12         34          0          0      16841   user_init.o

    ----------------------------------------------------------------------
     12280        824        600        180      17920     956009   Object Totals
         0          0         32          0          0          0   (incl. Generated)
        28          0          5          2          6          0   (incl. Padding)

    ----------------------------------------------------------------------

      Code (inc. data)   RO Data    RW Data    ZI Data      Debug   Library Member Name

         0          0          0          0          0          0   entry.o
         0          0          0          0          0          0   entry10a.o
         0          0          0          0          0          0   entry11a.o
         4          0          0          0          0          0   entry12b.o
         8          4          0          0          0          0   entry2.o
         4          0          0          0          0          0   entry5.o
         0          0          0          0          0          0   entry7b.o
         0          0          0          0          0          0   entry8b.o
         8          4          0          0          0          0   entry9a.o
        18          0          0          0          0         80   fputc.o
        30          0          0          0          0          0   handlers.o
        36          8          0          0          0         68   init.o
         0          0          0          0          0          0   iusefp.o
         0          0          0          0          0          0   iusesemip.o
        30          0          0          0          0         68   llshl.o
        36          0          0          0          0         68   llsshr.o
        32          0          0          0          0         68   llushr.o
        36          0          0          0          0         68   memcpya.o
        36          0          0          0          0        108   memseta.o
      2218         90          0          0          0        464   printfa.o
         0          0          0          0          0          0   semi.o
         0          0          0          4          0          0   stdout.o
        44          0          0          0          0         80   uidiv.o
        98          0          0          0          0         92   uldiv.o
        48          0          0          0          0         68   cdrcmple.o
        56          0          0          0          0         88   d2f.o
       334          0          0          0          0        148   dadd.o
       222          0          0          0          0        100   ddiv.o
       186          0          0          0          0        176   depilogue.o
        48          0          0          0          0         68   dfixul.o
        34          0          0          0          0         76   dflti.o
       228          0          0          0          0         96   dmul.o
        38          0          0          0          0         68   f2d.o
       110          0          0          0          0        168   fepilogue.o

    ----------------------------------------------------------------------
      3944        106          0          4          0       2220   Library Totals
         2          0          0          0          0          0   (incl. Padding)

    ----------------------------------------------------------------------

      Code (inc. data)   RO Data    RW Data    ZI Data      Debug   Library Name

      2638        106          0          4          0       1164   mc_w.l
      1304          0          0          0          0       1056   mf_w.l

    ----------------------------------------------------------------------
      3944        106          0          4          0       2220   Library Totals

    ----------------------------------------------------------------------

==============================================================================


      Code (inc. data)   RO Data    RW Data    ZI Data      Debug   

     16224        930        600        184      17920     944441   Grand Totals
     16224        930        600        184      17920     944441   ELF Image Totals
     16224        930        600        184          0          0   ROM Totals

==============================================================================

    Total RO  Size (Code + RO Data)                16824 (  16.43kB)
    Total RW  Size (RW Data + ZI Data)             18104 (  17.68kB)
    Total ROM Size (Code + RO Data + RW Data)      17008 (  16.61kB)

==============================================================================

