<html>
<body>
<pre>
<h1>µVision Build Log</h1>
<h2>Tool Versions:</h2>
IDE-Version: ¦ÌVision V5.42.0.0
Copyright (C) 2025 ARM Ltd and ARM Germany GmbH. All rights reserved.
License Information: l liu'yong'jian, hitsz, LIC=76F5U-SUECM-FWB2N-Y8RN7-BGK9S-D37YD
 
Tool Versions:
Toolchain:       MDK-ARM Plus  Version: 5.42.0.0
Toolchain Path:  D:\Apps\Keil_v5\ARM\ARMCC\Bin
C Compiler:      Armcc.exe V5.06 update 7 (build 960)
Assembler:       Armasm.exe V5.06 update 7 (build 960)
Linker/Locator:  ArmLink.exe V5.06 update 7 (build 960)
Library Manager: ArmAr.exe V5.06 update 7 (build 960)
Hex Converter:   FromElf.exe V5.06 update 7 (build 960)
CPU DLL:         SARMCM3.DLL V5.42.0.0
Dialog DLL:      DCM.DLL V1.17.5.0
Target DLL:      STLink\ST-LINKIII-KEIL_SWO.dll V3.3.0.0
Dialog DLL:      TCM.DLL V1.56.6.0
 
<h2>Project:</h2>
D:\WorkSpace\M2006_Drive\MDK-ARM\M2006_Drive.uvprojx
Project File Date:  07/21/2025

<h2>Output:</h2>
*** Using Compiler 'V5.06 update 7 (build 960)', folder: 'D:\Apps\Keil_v5\ARM\ARMCC\Bin'
Build target 'M2006_Drive'
compiling stm32f4xx_it.c...
compiling can.c...
compiling gpio.c...
compiling main.c...
compiling stm32f4xx_hal_msp.c...
compiling usart.c...
compiling freertos.c...
..\UserCode\user_defination.h(96): warning:  #1295-D: Deprecated declaration MOTOR_INIT - give arg types
  void MOTOR_INIT();
..\UserCode\user_defination.h(101): warning:  #1-D: last line of file ends without a newline
  #endif // !USER_DEFINATION_H
..\UserCode\can_serial.h(20): warning:  #1295-D: Deprecated declaration CanSerialTaskStart - give arg types
  void CanSerialTaskStart();
..\UserCode\can_serial.h(22): warning:  #1-D: last line of file ends without a newline
  #endif // !CAN_SERIAL_H
..\UserCode\uart_serial.h(20): warning:  #1295-D: Deprecated declaration SerialTaskStart - give arg types
  void SerialTaskStart();
..\UserCode\uart_serial.h(23): warning:  #1-D: last line of file ends without a newline
  #endif // !UART_SERIAL_H
..\UserCode\user_init.h(19): warning:  #1295-D: Deprecated declaration USER_INIT - give arg types
  void USER_INIT();
../Core/Src/freertos.c: 7 warnings, 0 errors
compiling stm32f4xx_hal_timebase_tim.c...
compiling stm32f4xx_hal_flash.c...
compiling stm32f4xx_hal_rcc.c...
compiling stm32f4xx_hal_tim_ex.c...
compiling stm32f4xx_hal_rcc_ex.c...
compiling stm32f4xx_hal_can.c...
compiling stm32f4xx_hal_tim.c...
compiling stm32f4xx_hal_flash_ex.c...
compiling stm32f4xx_hal_gpio.c...
compiling stm32f4xx_hal_flash_ramfunc.c...
compiling stm32f4xx_hal_pwr.c...
compiling stm32f4xx_hal_pwr_ex.c...
compiling stm32f4xx_hal_dma.c...
compiling stm32f4xx_hal_dma_ex.c...
compiling croutine.c...
compiling list.c...
compiling event_groups.c...
compiling stream_buffer.c...
compiling queue.c...
compiling timers.c...
compiling tasks.c...
compiling heap_4.c...
compiling cmsis_os.c...
compiling port.c...
compiling stm32f4xx_hal_cortex.c...
compiling system_stm32f4xx.c...
compiling stm32f4xx_hal.c...
compiling stm32f4xx_hal_uart.c...
compiling stm32f4xx_hal_exti.c...
compiling uart_serial.c...
..\UserCode\user_defination.h(96): warning:  #1295-D: Deprecated declaration MOTOR_INIT - give arg types
  void MOTOR_INIT();
..\UserCode\user_defination.h(101): warning:  #1-D: last line of file ends without a newline
  #endif // !USER_DEFINATION_H
..\UserCode\uart_serial.h(20): warning:  #1295-D: Deprecated declaration SerialTaskStart - give arg types
  void SerialTaskStart();
..\UserCode\uart_serial.h(23): warning:  #1-D: last line of file ends without a newline
  #endif // !UART_SERIAL_H
..\UserCode\uart_serial.c(90): warning:  #167-D: argument of type "SEND_Bag_u *" is incompatible with parameter of type "const uint8_t *"
      HAL_UART_Transmit(&huart1, &UartBag, BAG_LENGTH, 10);
..\UserCode\uart_serial.c(118): warning:  #167-D: argument of type "uint8_t (*)[30]" is incompatible with parameter of type "uint8_t *"
          HAL_UART_Receive_IT(&huart1, &RxBuffer, 2*BAG_LENGTH);
..\UserCode\uart_serial.c(131): warning:  #167-D: argument of type "uint8_t (*)[30]" is incompatible with parameter of type "uint8_t *"
      HAL_UART_Receive_IT(&huart1, &RxBuffer, 2*BAG_LENGTH);
..\UserCode\uart_serial.c(158): warning:  #1294-D: Old-style function SerialTaskStart
  void SerialTaskStart(mavlink_con)
..\UserCode\uart_serial.c(158): warning:  #1079-D: standard requires that parameter "mavlink_con"  be given a type by a subsequent declaration ("int" assumed)
  void SerialTaskStart(mavlink_con)
..\UserCode\uart_serial.c(160): warning:  #144-D: a value of type "void (*)()" cannot be used to initialize an entity of type "os_pthread"
      osThreadDef(Serial, SerialTask, osPriorityNormal, 0, 512);
..\UserCode\uart_serial.c(162): warning:  #1-D: last line of file ends without a newline
  }
..\UserCode\uart_serial.c: 11 warnings, 0 errors
compiling can_serial.c...
..\UserCode\user_defination.h(96): warning:  #1295-D: Deprecated declaration MOTOR_INIT - give arg types
  void MOTOR_INIT();
..\UserCode\user_defination.h(101): warning:  #1-D: last line of file ends without a newline
  #endif // !USER_DEFINATION_H
..\UserCode\can_serial.h(20): warning:  #1295-D: Deprecated declaration CanSerialTaskStart - give arg types
  void CanSerialTaskStart();
..\UserCode\can_serial.h(22): warning:  #1-D: last line of file ends without a newline
  #endif // !CAN_SERIAL_H
..\UserCode\can_serial.c(62): warning:  #1035-D: single-precision operand implicitly converted to double-precision
      Motor->FdbData.rpm = Motor->AxisData.axisRpm/36.0;
..\UserCode\can_serial.c(75): warning:  #1035-D: single-precision operand implicitly converted to double-precision
      Motor->globalAngle.angleAll = Motor->AxisData.axisAngleAll/36.0;
..\UserCode\can_serial.c(152): warning:  #223-D: function "MotorCtrl" declared implicitly
          MotorCtrl();
..\UserCode\can_serial.c(186): warning:  #1-D: last line of file ends without a newline
  }
..\UserCode\can_serial.c: 8 warnings, 0 errors
compiling user_defination.c...
..\UserCode\user_defination.h(96): warning:  #1295-D: Deprecated declaration MOTOR_INIT - give arg types
  void MOTOR_INIT();
..\UserCode\user_defination.h(101): warning:  #1-D: last line of file ends without a newline
  #endif // !USER_DEFINATION_H
..\UserCode\user_defination.c(87): warning:  #1035-D: single-precision operand implicitly converted to double-precision
              PID_Cal(&motor[i].PID.angle_pid, motor[i].RefData.angle_ref * 36.0, motor[i].AxisData.axisAngleAll);
..\UserCode\user_defination.c(94): warning:  #1035-D: single-precision operand implicitly converted to double-precision
              PID_Cal(&motor[i].PID.rpm_pid, motor[i].RefData.rpm_ref * 36.0, motor[i].AxisData.axisRpm);
..\UserCode\user_defination.c(125): warning:  #1-D: last line of file ends without a newline
  DJI_Motor_s motor[4];
..\UserCode\user_defination.c: 5 warnings, 0 errors
compiling user_init.c...
..\UserCode\user_defination.h(96): warning:  #1295-D: Deprecated declaration MOTOR_INIT - give arg types
  void MOTOR_INIT();
..\UserCode\user_defination.h(101): warning:  #1-D: last line of file ends without a newline
  #endif // !USER_DEFINATION_H
..\UserCode\can_serial.h(20): warning:  #1295-D: Deprecated declaration CanSerialTaskStart - give arg types
  void CanSerialTaskStart();
..\UserCode\can_serial.h(22): warning:  #1-D: last line of file ends without a newline
  #endif // !CAN_SERIAL_H
..\UserCode\uart_serial.h(20): warning:  #1295-D: Deprecated declaration SerialTaskStart - give arg types
  void SerialTaskStart();
..\UserCode\uart_serial.h(23): warning:  #1-D: last line of file ends without a newline
  #endif // !UART_SERIAL_H
..\UserCode\user_init.h(19): warning:  #1295-D: Deprecated declaration USER_INIT - give arg types
  void USER_INIT();
..\UserCode\user_init.c(33): warning:  #144-D: a value of type "void (*)()" cannot be used to initialize an entity of type "os_pthread"
      osThreadDef(light, lightTask, osPriorityNormal, 0, 512);
..\UserCode\user_init.c: 8 warnings, 0 errors
linking...
Program Size: Code=16224 RO-data=600 RW-data=184 ZI-data=17920  
FromELF: creating hex file...
"M2006_Drive\M2006_Drive.axf" - 0 Error(s), 39 Warning(s).

<h2>Software Packages used:</h2>

Package Vendor: ARM
                https://www.keil.com/pack/ARM.CMSIS.6.1.0.pack
                ARM::CMSIS@6.1.0
                CMSIS (Common Microcontroller Software Interface Standard)
   * Component: CORE Version: 6.1.0

Package Vendor: Keil
                https://www.keil.com/pack/Keil.STM32F4xx_DFP.3.1.0.pack
                Keil::STM32F4xx_DFP@3.1.0
                STMicroelectronics STM32F4 Series Device Support

<h2>Collection of Component include folders:</h2>
  ./RTE/_M2006_Drive
  D:/Apps/Arm/Packs/ARM/CMSIS/6.1.0/CMSIS/Core/Include

<h2>Collection of Component Files used:</h2>

   * Component: ARM::CMSIS:CORE@6.1.0
      Include file:  CMSIS/Core/Include/tz_context.h
Build Time Elapsed:  00:01:00
</pre>
</body>
</html>
